Product: MDK-ARM Professional 5.10
Component: ARM Compiler 5.04 update 1 (build 49)
Tool: armlink [5040049]

==============================================================================

Section Cross References

    main.o(.text) refers to _printf_percent.o(.ARM.Collect$$_printf_percent$$00000000) for _printf_percent
    main.o(.text) refers to _printf_d.o(.ARM.Collect$$_printf_percent$$00000009) for _printf_d
    main.o(.text) refers to _printf_dec.o(.text) for _printf_int_dec
    main.o(.text) refers to led.o(.text) for HandleGPIO
    main.o(.text) refers to adc.o(.text) for Get_Adc
    main.o(.text) refers to delay.o(.text) for delay_ms
    main.o(.text) refers to servocan.o(.text) for CanInit
    main.o(.text) refers to 24cxx.o(.text) for AT24CXX_Read
    main.o(.text) refers to motion.o(.text) for MotionInit
    main.o(.text) refers to glb_reg.o(.text) for StateMonitor
    main.o(.text) refers to rs485.o(.text) for RS485Init
    main.o(.text) refers to noretval__2printf.o(.text) for __2printf
    main.o(.text) refers to os_core.o(.text) for OSStatInit
    main.o(.text) refers to os_cpu_a.o(.text) for OS_CPU_SR_Save
    main.o(.text) refers to os_task.o(.text) for OSTaskCreate
    main.o(.text) refers to usart.o(.text) for uart_init
    main.o(.text) refers to beep.o(.text) for BEEP_Init
    main.o(.text) refers to key.o(.text) for KEY_Scan
    main.o(.text) refers to glb_reg.o(.constdata) for ptrMotionBlk
    main.o(.text) refers to glb_reg.o(.bss) for dGlbReg
    main.o(.text) refers to glb_reg.o(.data) for SlaveIdAddr
    main.o(.text) refers to main.o(.data) for Steps_Last
    main.o(.text) refers to main.o(.bss) for LED_TASK_STK
    system_stm32f4xx.o(.text) refers to system_stm32f4xx.o(.data) for SystemCoreClock
    glb_reg.o(.text) refers to dflt_clz.o(x$fpl$dflt) for __aeabi_i2d
    glb_reg.o(.text) refers to dmul.o(x$fpl$dmul) for __aeabi_dmul
    glb_reg.o(.text) refers to ddiv.o(x$fpl$ddiv) for __aeabi_ddiv
    glb_reg.o(.text) refers to dfixu.o(x$fpl$dfixu) for __aeabi_d2uiz
    glb_reg.o(.text) refers to glb_reg.o(.constdata) for ptrServ
    glb_reg.o(.text) refers to glb_reg.o(.bss) for dGlbReg
    glb_reg.o(.constdata) refers to glb_reg.o(.bss) for dGlbReg
    led.o(.text) refers to stm32f4xx_rcc.o(.text) for RCC_AHB1PeriphClockCmd
    led.o(.text) refers to stm32f4xx_gpio.o(.text) for GPIO_Init
    led.o(.text) refers to glb_reg.o(.constdata) for ptrMotionBlk
    beep.o(.text) refers to stm32f4xx_rcc.o(.text) for RCC_AHB1PeriphClockCmd
    beep.o(.text) refers to stm32f4xx_gpio.o(.text) for GPIO_Init
    key.o(.text) refers to stm32f4xx_rcc.o(.text) for RCC_AHB1PeriphClockCmd
    key.o(.text) refers to stm32f4xx_gpio.o(.text) for GPIO_Init
    key.o(.text) refers to delay.o(.text) for delay_ms
    key.o(.text) refers to key.o(.data) for key_up
    adc.o(.text) refers to stm32f4xx_rcc.o(.text) for RCC_AHB1PeriphClockCmd
    adc.o(.text) refers to stm32f4xx_gpio.o(.text) for GPIO_Init
    adc.o(.text) refers to stm32f4xx_adc.o(.text) for ADC_CommonInit
    adc.o(.text) refers to delay.o(.text) for delay_ms
    24cxx.o(.text) refers to myiic.o(.text) for IIC_Init
    24cxx.o(.text) refers to delay.o(.text) for delay_ms
    myiic.o(.text) refers to stm32f4xx_rcc.o(.text) for RCC_AHB1PeriphClockCmd
    myiic.o(.text) refers to stm32f4xx_gpio.o(.text) for GPIO_Init
    myiic.o(.text) refers to delay.o(.text) for delay_us
    delay.o(.text) refers to os_core.o(.text) for OSSchedLock
    delay.o(.text) refers to os_time.o(.text) for OSTimeDly
    delay.o(.text) refers to misc.o(.text) for SysTick_CLKSourceConfig
    delay.o(.text) refers to os_core.o(.data) for OSRunning
    delay.o(.text) refers to glb_reg.o(.bss) for dGlbReg
    delay.o(.text) refers to delay.o(.data) for fac_us
    usart.o(.rev16_text) refers (Special) to use_no_semi_2.o(.text) for __use_no_semihosting
    usart.o(.revsh_text) refers (Special) to use_no_semi_2.o(.text) for __use_no_semihosting
    usart.o(.text) refers (Special) to use_no_semi_2.o(.text) for __use_no_semihosting
    usart.o(.text) refers to stm32f4xx_rcc.o(.text) for RCC_AHB1PeriphClockCmd
    usart.o(.text) refers to stm32f4xx_gpio.o(.text) for GPIO_PinAFConfig
    usart.o(.text) refers to stm32f4xx_usart.o(.text) for USART_Init
    usart.o(.text) refers to misc.o(.text) for NVIC_Init
    usart.o(.text) refers to os_core.o(.text) for OSIntEnter
    usart.o(.text) refers to usart.o(.data) for USART_RX_STA
    usart.o(.text) refers to usart.o(.bss) for USART_RX_BUF
    usart.o(.bss) refers (Special) to use_no_semi_2.o(.text) for __use_no_semihosting
    usart.o(.data) refers (Special) to use_no_semi_2.o(.text) for __use_no_semihosting
    startup_stm32f40_41xxx.o(STACK) refers (Special) to heapauxi.o(.text) for __use_two_region_memory
    startup_stm32f40_41xxx.o(HEAP) refers (Special) to heapauxi.o(.text) for __use_two_region_memory
[...]
    finish_flag                              0x2000009c   Data           2  motion.o(.data)
    finish_flag                              0x2000009e   Data           2  motion.o(.data)
    finish_flag                              0x200000a0   Data           2  motion.o(.data)
    finish_flag                              0x200000a2   Data           2  motion.o(.data)
    finish_flag                              0x200000a4   Data           2  motion.o(.data)
    pos_open2_locked                         0x200000a8   Data           4  motion.o(.data)
    finish_flag                              0x200000ac   Data           2  motion.o(.data)
    pos_open2_locked                         0x200000b0   Data           4  motion.o(.data)
    finish_flag                              0x200000b4   Data           2  motion.o(.data)
    finish_flag                              0x200000b6   Data           2  motion.o(.data)
    finish_flag                              0x200000b8   Data           2  motion.o(.data)
    finish_flag                              0x200000ba   Data           2  motion.o(.data)
    .bss                                     0x200000bc   Section     6656  main.o(.bss)
    .bss                                     0x20001abc   Section     8192  glb_reg.o(.bss)
    .bss                                     0x20003abc   Section      200  usart.o(.bss)
    .bss                                     0x20003b84   Section     2688  os_core.o(.bss)
    .bss                                     0x20004604   Section      526  rs485.o(.bss)
    .bss                                     0x20004814   Section       96  libspace.o(.bss)
    HEAP                                     0x20004878   Section      512  startup_stm32f40_41xxx.o(HEAP)
    Heap_Mem                                 0x20004878   Data         512  startup_stm32f40_41xxx.o(HEAP)
    STACK                                    0x20004a78   Section     1024  startup_stm32f40_41xxx.o(STACK)
    Stack_Mem                                0x20004a78   Data        1024  startup_stm32f40_41xxx.o(STACK)
    __initial_sp                             0x20004e78   Data           0  startup_stm32f40_41xxx.o(STACK)

    Global Symbols

    Symbol Name                              Value     Ov Type        Size  Object(Section)

    BuildAttributes$$THM_ISAv4$E$P$D$K$B$S$7EM$VFPi3$EXTD16$VFPS$VFMA$PE$A:L22UL41UL21$X:L11$S22US41US21$IEEE1$IW$USESV6$~STKCKD$USESV7$~SHL$OSPACE$ROPI$EBA8$UX$STANDARDLIB$REQ8$PRES8$EABIv2 0x00000000   Number         0  anon$$obj.o ABSOLUTE
    __ARM_use_no_argv                        0x00000000   Number         0  main.o ABSOLUTE
    __ARM_exceptions_init                     - Undefined Weak Reference
    __alloca_initialize                       - Undefined Weak Reference
    __cpp_initialize__aeabi_                  - Undefined Weak Reference
    __cxa_finalize                            - Undefined Weak Reference
    __rt_locale                               - Undefined Weak Reference
    __sigvec_lookup                           - Undefined Weak Reference
    _atexit_init                              - Undefined Weak Reference
    _call_atexit_fns                          - Undefined Weak Reference
    _clock_init                               - Undefined Weak Reference
    _fp_trap_init                             - Undefined Weak Reference
    _fp_trap_shutdown                         - Undefined Weak Reference
    _get_lc_collate                           - Undefined Weak Reference
    _get_lc_ctype                             - Undefined Weak Reference
    _get_lc_monetary                          - Undefined Weak Reference
    _get_lc_numeric                           - Undefined Weak Reference
    _get_lc_time                              - Undefined Weak Reference
    _getenv_init                              - Undefined Weak Reference
    _handle_redirection                       - Undefined Weak Reference
    _init_alloc                               - Undefined Weak Reference
    _init_user_alloc                          - Undefined Weak Reference
    _initio                                   - Undefined Weak Reference
    _mutex_acquire                            - Undefined Weak Reference
    _mutex_release                            - Undefined Weak Reference
    _printf_post_padding                      - Undefined Weak Reference
    _printf_pre_padding                       - Undefined Weak Reference
    _printf_truncate_signed                   - Undefined Weak Reference
    _printf_truncate_unsigned                 - Undefined Weak Reference
    _rand_init                                - Undefined Weak Reference
    _signal_finish                            - Undefined Weak Reference
    _signal_init                              - Undefined Weak Reference
    _terminate_alloc                          - Undefined Weak Reference
    _terminate_user_alloc                     - Undefined Weak Reference
    _terminateio                              - Undefined Weak Reference
    __Vectors_Size                           0x00000188   Number         0  startup_stm32f40_41xxx.o ABSOLUTE
    __Vectors                                0x08000000   Data           4  startup_stm32f40_41xxx.o(RESET)
    __Vectors_End                            0x08000188   Data           0  startup_stm32f40_41xxx.o(RESET)
    __main                                   0x08000189   Thumb Code     8  __main.o(!!!main)
    __scatterload                            0x08000191   Thumb Code     0  __scatter.o(!!!scatter)
    __scatterload_rt2                        0x08000191   Thumb Code    44  __scatter.o(!!!scatter)
    __scatterload_rt2_thumb_only             0x08000191   Thumb Code     0  __scatter.o(!!!scatter)
    __scatterload_null                       0x0800019f   Thumb Code     0  __scatter.o(!!!scatter)
    __scatterload_copy                       0x080001c5   Thumb Code    26  __scatter_copy.o(!!handler_copy)
    __scatterload_zeroinit                   0x080001e1   Thumb Code    28  __scatter_zi.o(!!handler_zi)
    _printf_d                                0x080001fd   Thumb Code     0  _printf_d.o(.ARM.Collect$$_printf_percent$$00000009)
    _printf_percent                          0x080001fd   Thumb Code     0  _printf_percent.o(.ARM.Collect$$_printf_percent$$00000000)
    _printf_percent_end                      0x08000203   Thumb Code     0  _printf_percent_end.o(.ARM.Collect$$_printf_percent$$00000017)
    __rt_lib_init                            0x08000207   Thumb Code     0  libinit.o(.ARM.Collect$$libinit$$00000000)
    __rt_lib_init_fp_1                       0x08000209   Thumb Code     0  libinit2.o(.ARM.Collect$$libinit$$00000001)
    __rt_lib_init_alloca_1                   0x0800020d   Thumb Code     0  libinit2.o(.ARM.Collect$$libinit$$0000002C)
    __rt_lib_init_argv_1                     0x0800020d   Thumb Code     0  libinit2.o(.ARM.Collect$$libinit$$0000002A)
    __rt_lib_init_atexit_1                   0x0800020d   Thumb Code     0  libinit2.o(.ARM.Collect$$libinit$$00000019)
    __rt_lib_init_clock_1                    0x0800020d   Thumb Code     0  libinit2.o(.ARM.Collect$$libinit$$0000001F)
    __rt_lib_init_cpp_1                      0x0800020d   Thumb Code     0  libinit2.o(.ARM.Collect$$libinit$$00000030)
    __rt_lib_init_exceptions_1               0x0800020d   Thumb Code     0  libinit2.o(.ARM.Collect$$libinit$$0000002E)
    __rt_lib_init_fp_trap_1                  0x0800020d   Thumb Code     0  libinit2.o(.ARM.Collect$$libinit$$0000001D)
    __rt_lib_init_getenv_1                   0x0800020d   Thumb Code     0  libinit2.o(.ARM.Collect$$libinit$$00000021)
    __rt_lib_init_heap_1                     0x0800020d   Thumb Code     0  libinit2.o(.ARM.Collect$$libinit$$00000008)
    __rt_lib_init_lc_collate_1               0x0800020d   Thumb Code     0  libinit2.o(.ARM.Collect$$libinit$$0000000F)
    __rt_lib_init_lc_ctype_1                 0x0800020d   Thumb Code     0  libinit2.o(.ARM.Collect$$libinit$$00000011)
    __rt_lib_init_lc_monetary_1              0x0800020d   Thumb Code     0  libinit2.o(.ARM.Collect$$libinit$$00000013)
    __rt_lib_init_lc_numeric_1               0x0800020d   Thumb Code     0  libinit2.o(.ARM.Collect$$libinit$$00000015)
    __rt_lib_init_lc_time_1                  0x0800020d   Thumb Code     0  libinit2.o(.ARM.Collect$$libinit$$00000017)
    __rt_lib_init_rand_1                     0x0800020d   Thumb Code     0  libinit2.o(.ARM.Collect$$libinit$$0000000C)
    __rt_lib_init_return                     0x0800020d   Thumb Code     0  libinit2.o(.ARM.Collect$$libinit$$00000031)
    __rt_lib_init_signal_1                   0x0800020d   Thumb Code     0  libinit2.o(.ARM.Collect$$libinit$$0000001B)
    __rt_lib_init_stdio_1                    0x0800020d   Thumb Code     0  libinit2.o(.ARM.Collect$$libinit$$00000023)
    __rt_lib_init_user_alloc_1               0x0800020d   Thumb Code     0  libinit2.o(.ARM.Collect$$libinit$$0000000A)
    __rt_lib_shutdown                        0x0800020f   Thumb Code     0  libshutdown.o(.ARM.Collect$$libshutdown$$00000000)
    __rt_lib_shutdown_fp_trap_1              0x08000211   Thumb Code     0  libshutdown2.o(.ARM.Collect$$libshutdown$$00000006)
    __rt_lib_shutdown_heap_1                 0x08000211   Thumb Code     0  libshutdown2.o(.ARM.Collect$$libshutdown$$0000000E)
    __rt_lib_shutdown_return                 0x08000211   Thumb Code     0  libshutdown2.o(.ARM.Collect$$libshutdown$$0000000F)
    __rt_lib_shutdown_signal_1               0x08000211   Thumb Code     0  libshutdown2.o(.ARM.Collect$$libshutdown$$00000009)
    __rt_lib_shutdown_stdio_1                0x08000211   Thumb Code     0  libshutdown2.o(.ARM.Collect$$libshutdown$$00000003)
    __rt_lib_shutdown_user_alloc_1           0x08000211   Thumb Code     0  libshutdown2.o(.ARM.Collect$$libshutdown$$0000000B)
    __rt_entry                               0x08000213   Thumb Code     0  rtentry.o(.ARM.Collect$$rtentry$$00000000)
    __rt_entry_presh_1                       0x08000213   Thumb Code     0  rtentry2.o(.ARM.Collect$$rtentry$$00000002)
    __rt_entry_sh                            0x08000213   Thumb Code     0  rtentry4.o(.ARM.Collect$$rtentry$$00000004)
    __rt_entry_li                            0x08000219   Thumb Code     0  rtentry2.o(.ARM.Collect$$rtentry$$0000000A)
    __rt_entry_postsh_1                      0x08000219   Thumb Code     0  rtentry2.o(.ARM.Collect$$rtentry$$00000009)
    __rt_entry_main                          0x0800021d   Thumb Code     0  rtentry2.o(.ARM.Collect$$rtentry$$0000000D)
    __rt_entry_postli_1                      0x0800021d   Thumb Code     0  rtentry2.o(.ARM.Collect$$rtentry$$0000000C)
    __rt_exit                                0x08000225   Thumb Code     0  rtexit.o(.ARM.Collect$$rtexit$$00000000)
    __rt_exit_ls                             0x08000227   Thumb Code     0  rtexit2.o(.ARM.Collect$$rtexit$$00000003)
    __rt_exit_prels_1                        0x08000227   Thumb Code     0  rtexit2.o(.ARM.Collect$$rtexit$$00000002)
    __rt_exit_exit                           0x0800022b   Thumb Code     0  rtexit2.o(.ARM.Collect$$rtexit$$00000004)
    RdSensor_task                            0x08000231   Thumb Code    30  main.o(.text)
    ServoCom_task                            0x0800024f   Thumb Code    96  main.o(.text)
    MotionCtrl_task                          0x080002af   Thumb Code    12  main.o(.text)
    TaskPlan_task                            0x080002bb   Thumb Code    12  main.o(.text)
    PcCom_task                               0x080002c7   Thumb Code    18  main.o(.text)
    led_task                                 0x080002d9   Thumb Code   272  main.o(.text)
    start_task                               0x080003e9   Thumb Code   116  main.o(.text)
    main                                     0x0800045d   Thumb Code    58  main.o(.text)
    key_task                                 0x08000497   Thumb Code    72  main.o(.text)
    NMI_Handler                              0x0800055d   Thumb Code     2  stm32f4xx_it.o(.text)
    HardFault_Handler                        0x0800055f   Thumb Code     4  stm32f4xx_it.o(.text)
    MemManage_Handler                        0x08000563   Thumb Code     4  stm32f4xx_it.o(.text)
    BusFault_Handler                         0x08000567   Thumb Code     4  stm32f4xx_it.o(.text)
    UsageFault_Handler                       0x0800056b   Thumb Code     4  stm32f4xx_it.o(.text)
    SVC_Handler                              0x0800056f   Thumb Code     2  stm32f4xx_it.o(.text)
    DebugMon_Handler                         0x08000571   Thumb Code     2  stm32f4xx_it.o(.text)
    SystemInit                               0x08000651   Thumb Code    88  system_stm32f4xx.o(.text)
    SystemCoreClockUpdate                    0x080006a9   Thumb Code   174  system_stm32f4xx.o(.text)
    StateMonitor                             0x08000785   Thumb Code   322  glb_reg.o(.text)
    LED_Init                                 0x080008e1   Thumb Code    56  led.o(.text)
    HardWare_Init                            0x08000919   Thumb Code   290  led.o(.text)
    HandleGPIO                               0x08000a3b   Thumb Code   294  led.o(.text)
    BEEP_Init                                0x08000b8d   Thumb Code    60  beep.o(.text)
    KEY_Init                                 0x08000bcd   Thumb Code    60  key.o(.text)
    KEY_Scan                                 0x08000c09   Thumb Code   188  key.o(.text)
    Adc_Init                                 0x08000cd1   Thumb Code   122  adc.o(.text)
    Get_Adc                                  0x08000d4b   Thumb Code    44  adc.o(.text)
    Get_Adc_Average                          0x08000d77   Thumb Code    46  adc.o(.text)
    AT24CXX_Init                             0x08000dad   Thumb Code     8  24cxx.o(.text)
    AT24CXX_ReadOneByte                      0x08000db5   Thumb Code    84  24cxx.o(.text)
    AT24CXX_WriteOneByte                     0x08000e09   Thumb Code    76  24cxx.o(.text)
    AT24CXX_WriteLenByte                     0x08000e55   Thumb Code    42  24cxx.o(.text)
    AT24CXX_ReadLenByte                      0x08000e7f   Thumb Code    44  24cxx.o(.text)
    AT24CXX_Check                            0x08000eab   Thumb Code    46  24cxx.o(.text)
    AT24CXX_Read                             0x08000ed9   Thumb Code    34  24cxx.o(.text)
    AT24CXX_Write                            0x08000efb   Thumb Code    36  24cxx.o(.text)
    IIC_Init                                 0x08000f21   Thumb Code   106  myiic.o(.text)
    IIC_Start                                0x08000f8b   Thumb Code    68  myiic.o(.text)
    IIC_Stop                                 0x08000fcf   Thumb Code    62  myiic.o(.text)
    IIC_Wait_Ack                             0x0800100d   Thumb Code    82  myiic.o(.text)
    IIC_Ack                                  0x0800105f   Thumb Code    66  myiic.o(.text)
    IIC_NAck                                 0x080010a1   Thumb Code    66  myiic.o(.text)
    IIC_Send_Byte                            0x080010e3   Thumb Code    90  myiic.o(.text)
    IIC_Read_Byte                            0x0800113d   Thumb Code    94  myiic.o(.text)
    delay_osschedlock                        0x080011a9   Thumb Code     8  delay.o(.text)
    delay_osschedunlock                      0x080011b1   Thumb Code     8  delay.o(.text)
    delay_ostimedly                          0x080011b9   Thumb Code    12  delay.o(.text)
    SysTick_Handler                          0x080011c5   Thumb Code    42  delay.o(.text)
    delay_init                               0x080011ef   Thumb Code    76  delay.o(.text)
    delay_us                                 0x0800123b   Thumb Code    84  delay.o(.text)
    delay_ms                                 0x0800128f   Thumb Code    66  delay.o(.text)
    _sys_exit                                0x080012e5   Thumb Code     4  usart.o(.text)
    fputc                                    0x080012e9   Thumb Code    24  usart.o(.text)
    uart_init                                0x08001301   Thumb Code   164  usart.o(.text)
    USART3_IRQHandler                        0x080013a5   Thumb Code   130  usart.o(.text)
    Reset_Handler                            0x08001439   Thumb Code     8  startup_stm32f40_41xxx.o(.text)
    ADC_IRQHandler                           0x08001453   Thumb Code     0  startup_stm32f40_41xxx.o(.text)
    CAN1_RX1_IRQHandler                      0x08001453   Thumb Code     0  startup_stm32f40_41xxx.o(.text)
    CAN1_SCE_IRQHandler                      0x08001453   Thumb Code     0  startup_stm32f40_41xxx.o(.text)
    CAN2_RX0_IRQHandler                      0x08001453   Thumb Code     0  startup_stm32f40_41xxx.o(.text)
    CAN2_RX1_IRQHandler                      0x08001453   Thumb Code     0  startup_stm32f40_41xxx.o(.text)
    CAN2_SCE_IRQHandler                      0x08001453   Thumb Code     0  startup_stm32f40_41xxx.o(.text)
    CAN2_TX_IRQHandler                       0x08001453   Thumb Code     0  startup_stm32f40_41xxx.o(.text)
    CRYP_IRQHandler                          0x08001453   Thumb Code     0  startup_stm32f40_41xxx.o(.text)
    DCMI_IRQHandler                          0x08001453   Thumb Code     0  startup_stm32f40_41xxx.o(.text)
    DMA1_Stream0_IRQHandler                  0x08001453   Thumb Code     0  startup_stm32f40_41xxx.o(.text)
    DMA1_Stream1_IRQHandler                  0x08001453   Thumb Code     0  startup_stm32f40_41xxx.o(.text)
    DMA1_Stream2_IRQHandler                  0x08001453   Thumb Code     0  startup_stm32f40_41xxx.o(.text)
    DMA1_Stream3_IRQHandler                  0x08001453   Thumb Code     0  startup_stm32f40_41xxx.o(.text)
    DMA1_Stream4_IRQHandler                  0x08001453   Thumb Code     0  startup_stm32f40_41xxx.o(.text)
    DMA1_Stream5_IRQHandler                  0x08001453   Thumb Code     0  startup_stm32f40_41xxx.o(.text)
    DMA1_Stream6_IRQHandler                  0x08001453   Thumb Code     0  startup_stm32f40_41xxx.o(.text)
    DMA1_Stream7_IRQHandler                  0x08001453   Thumb Code     0  startup_stm32f40_41xxx.o(.text)
    DMA2_Stream0_IRQHandler                  0x08001453   Thumb Code     0  startup_stm32f40_41xxx.o(.text)
    DMA2_Stream1_IRQHandler                  0x08001453   Thumb Code     0  startup_stm32f40_41xxx.o(.text)
    DMA2_Stream2_IRQHandler                  0x08001453   Thumb Code     0  startup_stm32f40_41xxx.o(.text)
    DMA2_Stream3_IRQHandler                  0x08001453   Thumb Code     0  startup_stm32f40_41xxx.o(.text)
    DMA2_Stream4_IRQHandler                  0x08001453   Thumb Code     0  startup_stm32f40_41xxx.o(.text)
    DMA2_Stream5_IRQHandler                  0x08001453   Thumb Code     0  startup_stm32f40_41xxx.o(.text)
    DMA2_Stream6_IRQHandler                  0x08001453   Thumb Code     0  startup_stm32f40_41xxx.o(.text)
    DMA2_Stream7_IRQHandler                  0x08001453   Thumb Code     0  startup_stm32f40_41xxx.o(.text)
    ETH_IRQHandler                           0x08001453   Thumb Code     0  startup_stm32f40_41xxx.o(.text)
    ETH_WKUP_IRQHandler                      0x08001453   Thumb Code     0  startup_stm32f40_41xxx.o(.text)
    EXTI0_IRQHandler                         0x08001453   Thumb Code     0  startup_stm32f40_41xxx.o(.text)
    EXTI15_10_IRQHandler                     0x08001453   Thumb Code     0  startup_stm32f40_41xxx.o(.text)
    EXTI1_IRQHandler                         0x08001453   Thumb Code     0  startup_stm32f40_41xxx.o(.text)
    EXTI2_IRQHandler                         0x08001453   Thumb Code     0  startup_stm32f40_41xxx.o(.text)
    EXTI3_IRQHandler                         0x08001453   Thumb Code     0  startup_stm32f40_41xxx.o(.text)
    EXTI4_IRQHandler                         0x08001453   Thumb Code     0  startup_stm32f40_41xxx.o(.text)
    EXTI9_5_IRQHandler                       0x08001453   Thumb Code     0  startup_stm32f40_41xxx.o(.text)
    FLASH_IRQHandler                         0x08001453   Thumb Code     0  startup_stm32f40_41xxx.o(.text)
    FPU_IRQHandler                           0x08001453   Thumb Code     0  startup_stm32f40_41xxx.o(.text)
    FSMC_IRQHandler                          0x08001453   Thumb Code     0  startup_stm32f40_41xxx.o(.text)
    HASH_RNG_IRQHandler                      0x08001453   Thumb Code     0  startup_stm32f40_41xxx.o(.text)
    I2C1_ER_IRQHandler                       0x08001453   Thumb Code     0  startup_stm32f40_41xxx.o(.text)
    I2C1_EV_IRQHandler                       0x08001453   Thumb Code     0  startup_stm32f40_41xxx.o(.text)
    I2C2_ER_IRQHandler                       0x08001453   Thumb Code     0  startup_stm32f40_41xxx.o(.text)
    I2C2_EV_IRQHandler                       0x08001453   Thumb Code     0  startup_stm32f40_41xxx.o(.text)
    I2C3_ER_IRQHandler                       0x08001453   Thumb Code     0  startup_stm32f40_41xxx.o(.text)
    I2C3_EV_IRQHandler                       0x08001453   Thumb Code     0  startup_stm32f40_41xxx.o(.text)
    OTG_FS_IRQHandler                        0x08001453   Thumb Code     0  startup_stm32f40_41xxx.o(.text)
    OTG_FS_WKUP_IRQHandler                   0x08001453   Thumb Code     0  startup_stm32f40_41xxx.o(.text)
    OTG_HS_EP1_IN_IRQHandler                 0x08001453   Thumb Code     0  startup_stm32f40_41xxx.o(.text)
    OTG_HS_EP1_OUT_IRQHandler                0x08001453   Thumb Code     0  startup_stm32f40_41xxx.o(.text)
    OTG_HS_IRQHandler                        0x08001453   Thumb Code     0  startup_stm32f40_41xxx.o(.text)
    OTG_HS_WKUP_IRQHandler                   0x08001453   Thumb Code     0  startup_stm32f40_41xxx.o(.text)
    PVD_IRQHandler                           0x08001453   Thumb Code     0  startup_stm32f40_41xxx.o(.text)
    RCC_IRQHandler                           0x08001453   Thumb Code     0  startup_stm32f40_41xxx.o(.text)
    RTC_Alarm_IRQHandler                     0x08001453   Thumb Code     0  startup_stm32f40_41xxx.o(.text)
    RTC_WKUP_IRQHandler                      0x08001453   Thumb Code     0  startup_stm32f40_41xxx.o(.text)
    SDIO_IRQHandler                          0x08001453   Thumb Code     0  startup_stm32f40_41xxx.o(.text)
    SPI1_IRQHandler                          0x08001453   Thumb Code     0  startup_stm32f40_41xxx.o(.text)
    SPI2_IRQHandler                          0x08001453   Thumb Code     0  startup_stm32f40_41xxx.o(.text)
    SPI3_IRQHandler                          0x08001453   Thumb Code     0  startup_stm32f40_41xxx.o(.text)
    TAMP_STAMP_IRQHandler                    0x08001453   Thumb Code     0  startup_stm32f40_41xxx.o(.text)
    TIM1_BRK_TIM9_IRQHandler                 0x08001453   Thumb Code     0  startup_stm32f40_41xxx.o(.text)
    TIM1_CC_IRQHandler                       0x08001453   Thumb Code     0  startup_stm32f40_41xxx.o(.text)
    TIM1_TRG_COM_TIM11_IRQHandler            0x08001453   Thumb Code     0  startup_stm32f40_41xxx.o(.text)
    TIM1_UP_TIM10_IRQHandler                 0x08001453   Thumb Code     0  startup_stm32f40_41xxx.o(.text)
    TIM2_IRQHandler                          0x08001453   Thumb Code     0  startup_stm32f40_41xxx.o(.text)
    TIM4_IRQHandler                          0x08001453   Thumb Code     0  startup_stm32f40_41xxx.o(.text)
    TIM5_IRQHandler                          0x08001453   Thumb Code     0  startup_stm32f40_41xxx.o(.text)
    TIM6_DAC_IRQHandler                      0x08001453   Thumb Code     0  startup_stm32f40_41xxx.o(.text)
    TIM7_IRQHandler                          0x08001453   Thumb Code     0  startup_stm32f40_41xxx.o(.text)
    TIM8_BRK_TIM12_IRQHandler                0x08001453   Thumb Code     0  startup_stm32f40_41xxx.o(.text)
    TIM8_CC_IRQHandler                       0x08001453   Thumb Code     0  startup_stm32f40_41xxx.o(.text)
    TIM8_TRG_COM_TIM14_IRQHandler            0x08001453   Thumb Code     0  startup_stm32f40_41xxx.o(.text)
    TIM8_UP_TIM13_IRQHandler                 0x08001453   Thumb Code     0  startup_stm32f40_41xxx.o(.text)
    UART4_IRQHandler                         0x08001453   Thumb Code     0  startup_stm32f40_41xxx.o(.text)
    UART5_IRQHandler                         0x08001453   Thumb Code     0  startup_stm32f40_41xxx.o(.text)
    USART2_IRQHandler                        0x08001453   Thumb Code     0  startup_stm32f40_41xxx.o(.text)
    USART6_IRQHandler                        0x08001453   Thumb Code     0  startup_stm32f40_41xxx.o(.text)
    WWDG_IRQHandler                          0x08001453   Thumb Code     0  startup_stm32f40_41xxx.o(.text)
    __user_initial_stackheap                 0x08001455   Thumb Code     0  startup_stm32f40_41xxx.o(.text)
    NVIC_PriorityGroupConfig                 0x08001479   Thumb Code    10  misc.o(.text)
    NVIC_Init                                0x08001483   Thumb Code   106  misc.o(.text)
    NVIC_SetVectorTable                      0x080014ed   Thumb Code    14  misc.o(.text)
    NVIC_SystemLPConfig                      0x080014fb   Thumb Code    34  misc.o(.text)
    SysTick_CLKSourceConfig                  0x0800151d   Thumb Code    40  misc.o(.text)
    GPIO_DeInit                              0x08001559   Thumb Code   268  stm32f4xx_gpio.o(.text)
    GPIO_Init                                0x08001665   Thumb Code   144  stm32f4xx_gpio.o(.text)
    GPIO_StructInit                          0x080016f5   Thumb Code    18  stm32f4xx_gpio.o(.text)
    GPIO_PinLockConfig                       0x08001707   Thumb Code    34  stm32f4xx_gpio.o(.text)
    GPIO_ReadInputDataBit                    0x08001729   Thumb Code    18  stm32f4xx_gpio.o(.text)
    GPIO_ReadInputData                       0x0800173b   Thumb Code     8  stm32f4xx_gpio.o(.text)
    GPIO_ReadOutputDataBit                   0x08001743   Thumb Code    18  stm32f4xx_gpio.o(.text)
    GPIO_ReadOutputData                      0x08001755   Thumb Code     8  stm32f4xx_gpio.o(.text)
    GPIO_SetBits                             0x0800175d   Thumb Code     4  stm32f4xx_gpio.o(.text)
    GPIO_ResetBits                           0x08001761   Thumb Code     4  stm32f4xx_gpio.o(.text)
    GPIO_WriteBit                            0x08001765   Thumb Code    10  stm32f4xx_gpio.o(.text)
    GPIO_Write                               0x0800176f   Thumb Code     4  stm32f4xx_gpio.o(.text)
    GPIO_ToggleBits                          0x08001773   Thumb Code     8  stm32f4xx_gpio.o(.text)
    GPIO_PinAFConfig                         0x0800177b   Thumb Code    70  stm32f4xx_gpio.o(.text)
    RCC_DeInit                               0x080017ed   Thumb Code    82  stm32f4xx_rcc.o(.text)
    RCC_HSEConfig                            0x0800183f   Thumb Code    14  stm32f4xx_rcc.o(.text)
    RCC_GetFlagStatus                        0x0800184d   Thumb Code    60  stm32f4xx_rcc.o(.text)
    RCC_WaitForHSEStartUp                    0x08001889   Thumb Code    56  stm32f4xx_rcc.o(.text)
    RCC_AdjustHSICalibrationValue            0x080018c1   Thumb Code    20  stm32f4xx_rcc.o(.text)
    RCC_HSICmd                               0x080018d5   Thumb Code     6  stm32f4xx_rcc.o(.text)
    RCC_LSEConfig                            0x080018db   Thumb Code    46  stm32f4xx_rcc.o(.text)
    RCC_LSICmd                               0x08001909   Thumb Code     6  stm32f4xx_rcc.o(.text)
    RCC_PLLConfig                            0x0800190f   Thumb Code    32  stm32f4xx_rcc.o(.text)
    RCC_PLLCmd                               0x0800192f   Thumb Code     6  stm32f4xx_rcc.o(.text)
    RCC_PLLI2SConfig                         0x08001935   Thumb Code    14  stm32f4xx_rcc.o(.text)
    RCC_PLLI2SCmd                            0x08001943   Thumb Code     6  stm32f4xx_rcc.o(.text)
    RCC_PLLSAIConfig                         0x08001949   Thumb Code    20  stm32f4xx_rcc.o(.text)
    RCC_PLLSAICmd                            0x0800195d   Thumb Code     6  stm32f4xx_rcc.o(.text)
    RCC_ClockSecuritySystemCmd               0x08001963   Thumb Code     6  stm32f4xx_rcc.o(.text)
    RCC_MCO1Config                           0x08001969   Thumb Code    28  stm32f4xx_rcc.o(.text)
    RCC_MCO2Config                           0x08001985   Thumb Code    28  stm32f4xx_rcc.o(.text)
    RCC_SYSCLKConfig                         0x080019a1   Thumb Code    20  stm32f4xx_rcc.o(.text)
    RCC_GetSYSCLKSource                      0x080019b5   Thumb Code    12  stm32f4xx_rcc.o(.text)
    RCC_HCLKConfig                           0x080019c1   Thumb Code    20  stm32f4xx_rcc.o(.text)
    RCC_PCLK1Config                          0x080019d5   Thumb Code    20  stm32f4xx_rcc.o(.text)
    RCC_PCLK2Config                          0x080019e9   Thumb Code    22  stm32f4xx_rcc.o(.text)
    RCC_GetClocksFreq                        0x080019ff   Thumb Code   222  stm32f4xx_rcc.o(.text)
    RCC_RTCCLKConfig                         0x08001add   Thumb Code    54  stm32f4xx_rcc.o(.text)
    RCC_RTCCLKCmd                            0x08001b13   Thumb Code     8  stm32f4xx_rcc.o(.text)
    RCC_BackupResetCmd                       0x08001b1b   Thumb Code     8  stm32f4xx_rcc.o(.text)
    RCC_I2SCLKConfig                         0x08001b23   Thumb Code     6  stm32f4xx_rcc.o(.text)
    RCC_SAIPLLI2SClkDivConfig                0x08001b29   Thumb Code    26  stm32f4xx_rcc.o(.text)
    RCC_SAIPLLSAIClkDivConfig                0x08001b43   Thumb Code    28  stm32f4xx_rcc.o(.text)
    RCC_SAIBlockACLKConfig                   0x08001b5f   Thumb Code    20  stm32f4xx_rcc.o(.text)
    RCC_SAIBlockBCLKConfig                   0x08001b73   Thumb Code    20  stm32f4xx_rcc.o(.text)
    RCC_LTDCCLKDivConfig                     0x08001b87   Thumb Code    20  stm32f4xx_rcc.o(.text)
    RCC_TIMCLKPresConfig                     0x08001b9b   Thumb Code     6  stm32f4xx_rcc.o(.text)
    RCC_AHB1PeriphClockCmd                   0x08001ba1   Thumb Code    34  stm32f4xx_rcc.o(.text)
    RCC_AHB2PeriphClockCmd                   0x08001bc3   Thumb Code    78  stm32f4xx_rcc.o(.text)
    RCC_AHB3PeriphClockCmd                   0x08001c11   Thumb Code    34  stm32f4xx_rcc.o(.text)
    RCC_APB1PeriphClockCmd                   0x08001c33   Thumb Code    34  stm32f4xx_rcc.o(.text)
    RCC_APB2PeriphClockCmd                   0x08001c55   Thumb Code    34  stm32f4xx_rcc.o(.text)
    RCC_AHB1PeriphResetCmd                   0x08001c77   Thumb Code    34  stm32f4xx_rcc.o(.text)
    RCC_AHB2PeriphResetCmd                   0x08001c99   Thumb Code    34  stm32f4xx_rcc.o(.text)
    RCC_AHB3PeriphResetCmd                   0x08001cbb   Thumb Code    34  stm32f4xx_rcc.o(.text)
    RCC_APB1PeriphResetCmd                   0x08001cdd   Thumb Code    34  stm32f4xx_rcc.o(.text)
    RCC_APB2PeriphResetCmd                   0x08001cff   Thumb Code    34  stm32f4xx_rcc.o(.text)
    RCC_AHB1PeriphClockLPModeCmd             0x08001d21   Thumb Code    34  stm32f4xx_rcc.o(.text)
    RCC_AHB2PeriphClockLPModeCmd             0x08001d43   Thumb Code    34  stm32f4xx_rcc.o(.text)
    RCC_AHB3PeriphClockLPModeCmd             0x08001d65   Thumb Code    34  stm32f4xx_rcc.o(.text)
    RCC_APB1PeriphClockLPModeCmd             0x08001d87   Thumb Code    34  stm32f4xx_rcc.o(.text)
    RCC_APB2PeriphClockLPModeCmd             0x08001da9   Thumb Code    34  stm32f4xx_rcc.o(.text)
    RCC_LSEModeConfig                        0x08001dcb   Thumb Code    40  stm32f4xx_rcc.o(.text)
    RCC_ITConfig                             0x08001df3   Thumb Code    34  stm32f4xx_rcc.o(.text)
    RCC_ClearFlag                            0x08001e15   Thumb Code    18  stm32f4xx_rcc.o(.text)
    RCC_GetITStatus                          0x08001e27   Thumb Code    22  stm32f4xx_rcc.o(.text)
    RCC_ClearITPendingBit                    0x08001e3d   Thumb Code     8  stm32f4xx_rcc.o(.text)
    USART_DeInit                             0x08001e49   Thumb Code   206  stm32f4xx_usart.o(.text)
    USART_Init                               0x08001f17   Thumb Code   204  stm32f4xx_usart.o(.text)
    USART_StructInit                         0x08001fe3   Thumb Code    24  stm32f4xx_usart.o(.text)
    USART_ClockInit                          0x08001ffb   Thumb Code    32  stm32f4xx_usart.o(.text)
    USART_ClockStructInit                    0x0800201b   Thumb Code    12  stm32f4xx_usart.o(.text)
    USART_Cmd                                0x08002027   Thumb Code    24  stm32f4xx_usart.o(.text)
    USART_SetPrescaler                       0x0800203f   Thumb Code    16  stm32f4xx_usart.o(.text)
    USART_OverSampling8Cmd                   0x0800204f   Thumb Code    22  stm32f4xx_usart.o(.text)
    USART_OneBitMethodCmd                    0x08002065   Thumb Code    24  stm32f4xx_usart.o(.text)
    USART_SendData                           0x0800207d   Thumb Code     8  stm32f4xx_usart.o(.text)
    USART_ReceiveData                        0x08002085   Thumb Code    10  stm32f4xx_usart.o(.text)
    USART_SetAddress                         0x0800208f   Thumb Code    18  stm32f4xx_usart.o(.text)
    USART_ReceiverWakeUpCmd                  0x080020a1   Thumb Code    24  stm32f4xx_usart.o(.text)
    USART_WakeUpConfig                       0x080020b9   Thumb Code    18  stm32f4xx_usart.o(.text)
    USART_LINBreakDetectLengthConfig         0x080020cb   Thumb Code    18  stm32f4xx_usart.o(.text)
    USART_LINCmd                             0x080020dd   Thumb Code    24  stm32f4xx_usart.o(.text)
    USART_SendBreak                          0x080020f5   Thumb Code    10  stm32f4xx_usart.o(.text)
    USART_HalfDuplexCmd                      0x080020ff   Thumb Code    24  stm32f4xx_usart.o(.text)
    USART_SetGuardTime                       0x08002117   Thumb Code    16  stm32f4xx_usart.o(.text)
    USART_SmartCardCmd                       0x08002127   Thumb Code    24  stm32f4xx_usart.o(.text)
    USART_SmartCardNACKCmd                   0x0800213f   Thumb Code    24  stm32f4xx_usart.o(.text)
    USART_IrDAConfig                         0x08002157   Thumb Code    18  stm32f4xx_usart.o(.text)
    USART_IrDACmd                            0x08002169   Thumb Code    24  stm32f4xx_usart.o(.text)
    USART_DMACmd                             0x08002181   Thumb Code    18  stm32f4xx_usart.o(.text)
    USART_ITConfig                           0x08002193   Thumb Code    74  stm32f4xx_usart.o(.text)
    USART_GetFlagStatus                      0x080021dd   Thumb Code    26  stm32f4xx_usart.o(.text)
    USART_ClearFlag                          0x080021f7   Thumb Code    18  stm32f4xx_usart.o(.text)
    USART_GetITStatus                        0x08002209   Thumb Code   118  stm32f4xx_usart.o(.text)
    USART_ClearITPendingBit                  0x0800227f   Thumb Code    30  stm32f4xx_usart.o(.text)
    TIM_DeInit                               0x0800229d   Thumb Code   346  stm32f4xx_tim.o(.text)
    TIM_TimeBaseInit                         0x080023f7   Thumb Code   104  stm32f4xx_tim.o(.text)
    TIM_TimeBaseStructInit                   0x0800245f   Thumb Code    18  stm32f4xx_tim.o(.text)
    TIM_PrescalerConfig                      0x08002471   Thumb Code     6  stm32f4xx_tim.o(.text)
    TIM_CounterModeConfig                    0x08002477   Thumb Code    18  stm32f4xx_tim.o(.text)
    TIM_SetCounter                           0x08002489   Thumb Code     4  stm32f4xx_tim.o(.text)
    TIM_SetAutoreload                        0x0800248d   Thumb Code     4  stm32f4xx_tim.o(.text)
    TIM_GetCounter                           0x08002491   Thumb Code     6  stm32f4xx_tim.o(.text)
    TIM_GetPrescaler                         0x08002497   Thumb Code     6  stm32f4xx_tim.o(.text)
    TIM_UpdateDisableConfig                  0x0800249d   Thumb Code    24  stm32f4xx_tim.o(.text)
    TIM_UpdateRequestConfig                  0x080024b5   Thumb Code    24  stm32f4xx_tim.o(.text)
    TIM_ARRPreloadConfig                     0x080024cd   Thumb Code    24  stm32f4xx_tim.o(.text)
    TIM_SelectOnePulseMode                   0x080024e5   Thumb Code    18  stm32f4xx_tim.o(.text)
    TIM_SetClockDivision                     0x080024f7   Thumb Code    18  stm32f4xx_tim.o(.text)
    TIM_Cmd                                  0x08002509   Thumb Code    24  stm32f4xx_tim.o(.text)
    TIM_OC1Init                              0x08002521   Thumb Code   114  stm32f4xx_tim.o(.text)
    TIM_OC2Init                              0x08002593   Thumb Code   154  stm32f4xx_tim.o(.text)
    TIM_OC3Init                              0x0800262d   Thumb Code   204  stm32f4xx_tim.o(.text)
    TIM_OC4Init                              0x080026f9   Thumb Code   112  stm32f4xx_tim.o(.text)
    TIM_OCStructInit                         0x08002769   Thumb Code    20  stm32f4xx_tim.o(.text)
    TIM_SelectOCxM                           0x0800277d   Thumb Code    86  stm32f4xx_tim.o(.text)
    TIM_SetCompare1                          0x080027d3   Thumb Code     4  stm32f4xx_tim.o(.text)
    TIM_SetCompare2                          0x080027d7   Thumb Code     4  stm32f4xx_tim.o(.text)
    TIM_SetCompare3                          0x080027db   Thumb Code     4  stm32f4xx_tim.o(.text)
    TIM_SetCompare4                          0x080027df   Thumb Code     4  stm32f4xx_tim.o(.text)
    TIM_ForcedOC1Config                      0x080027e3   Thumb Code    18  stm32f4xx_tim.o(.text)
    TIM_ForcedOC2Config                      0x080027f5   Thumb Code    26  stm32f4xx_tim.o(.text)
    TIM_ForcedOC3Config                      0x0800280f   Thumb Code    18  stm32f4xx_tim.o(.text)
    TIM_ForcedOC4Config                      0x08002821   Thumb Code    26  stm32f4xx_tim.o(.text)
    TIM_OC1PreloadConfig                     0x0800283b   Thumb Code    18  stm32f4xx_tim.o(.text)
    TIM_OC2PreloadConfig                     0x0800284d   Thumb Code    26  stm32f4xx_tim.o(.text)
    TIM_OC3PreloadConfig                     0x08002867   Thumb Code    18  stm32f4xx_tim.o(.text)
    TIM_OC4PreloadConfig                     0x08002879   Thumb Code    26  stm32f4xx_tim.o(.text)
    TIM_OC1FastConfig                        0x08002893   Thumb Code    18  stm32f4xx_tim.o(.text)
    TIM_OC2FastConfig                        0x080028a5   Thumb Code    26  stm32f4xx_tim.o(.text)
    TIM_OC3FastConfig                        0x080028bf   Thumb Code    18  stm32f4xx_tim.o(.text)
    TIM_OC4FastConfig                        0x080028d1   Thumb Code    26  stm32f4xx_tim.o(.text)
    TIM_ClearOC1Ref                          0x080028eb   Thumb Code    18  stm32f4xx_tim.o(.text)
    TIM_ClearOC2Ref                          0x080028fd   Thumb Code    24  stm32f4xx_tim.o(.text)
    TIM_ClearOC3Ref                          0x08002915   Thumb Code    18  stm32f4xx_tim.o(.text)
    TIM_ClearOC4Ref                          0x08002927   Thumb Code    24  stm32f4xx_tim.o(.text)
    TIM_OC1PolarityConfig                    0x0800293f   Thumb Code    18  stm32f4xx_tim.o(.text)
    TIM_OC1NPolarityConfig                   0x08002951   Thumb Code    18  stm32f4xx_tim.o(.text)
    TIM_OC2PolarityConfig                    0x08002963   Thumb Code    26  stm32f4xx_tim.o(.text)
    TIM_OC2NPolarityConfig                   0x0800297d   Thumb Code    26  stm32f4xx_tim.o(.text)
    TIM_OC3PolarityConfig                    0x08002997   Thumb Code    26  stm32f4xx_tim.o(.text)
    TIM_OC3NPolarityConfig                   0x080029b1   Thumb Code    26  stm32f4xx_tim.o(.text)
    TIM_OC4PolarityConfig                    0x080029cb   Thumb Code    26  stm32f4xx_tim.o(.text)
    TIM_CCxCmd                               0x080029e5   Thumb Code    30  stm32f4xx_tim.o(.text)
    TIM_CCxNCmd                              0x08002a03   Thumb Code    30  stm32f4xx_tim.o(.text)
    TIM_SetIC4Prescaler                      0x08002a21   Thumb Code    26  stm32f4xx_tim.o(.text)
    TIM_SetIC3Prescaler                      0x08002a8b   Thumb Code    18  stm32f4xx_tim.o(.text)
    TIM_SetIC2Prescaler                      0x08002ae5   Thumb Code    26  stm32f4xx_tim.o(.text)
    TIM_SetIC1Prescaler                      0x08002b59   Thumb Code    18  stm32f4xx_tim.o(.text)
    TIM_ICInit                               0x08002ba5   Thumb Code   110  stm32f4xx_tim.o(.text)
    TIM_ICStructInit                         0x08002c13   Thumb Code    18  stm32f4xx_tim.o(.text)
    TIM_PWMIConfig                           0x08002c25   Thumb Code   124  stm32f4xx_tim.o(.text)
    TIM_GetCapture1                          0x08002ca1   Thumb Code     6  stm32f4xx_tim.o(.text)
    TIM_GetCapture2                          0x08002ca7   Thumb Code     6  stm32f4xx_tim.o(.text)
    TIM_GetCapture3                          0x08002cad   Thumb Code     6  stm32f4xx_tim.o(.text)
    TIM_GetCapture4                          0x08002cb3   Thumb Code     6  stm32f4xx_tim.o(.text)
    TIM_BDTRConfig                           0x08002cb9   Thumb Code    32  stm32f4xx_tim.o(.text)
    TIM_BDTRStructInit                       0x08002cd9   Thumb Code    18  stm32f4xx_tim.o(.text)
    TIM_CtrlPWMOutputs                       0x08002ceb   Thumb Code    30  stm32f4xx_tim.o(.text)
    TIM_SelectCOM                            0x08002d09   Thumb Code    24  stm32f4xx_tim.o(.text)
    TIM_CCPreloadControl                     0x08002d21   Thumb Code    24  stm32f4xx_tim.o(.text)
    TIM_ITConfig                             0x08002d39   Thumb Code    18  stm32f4xx_tim.o(.text)
    TIM_GenerateEvent                        0x08002d4b   Thumb Code     4  stm32f4xx_tim.o(.text)
    TIM_GetFlagStatus                        0x08002d4f   Thumb Code    18  stm32f4xx_tim.o(.text)
    TIM_ClearFlag                            0x08002d61   Thumb Code     6  stm32f4xx_tim.o(.text)
    TIM_GetITStatus                          0x08002d67   Thumb Code    34  stm32f4xx_tim.o(.text)
    TIM_ClearITPendingBit                    0x08002d89   Thumb Code     6  stm32f4xx_tim.o(.text)
    TIM_DMAConfig                            0x08002d8f   Thumb Code    10  stm32f4xx_tim.o(.text)
    TIM_DMACmd                               0x08002d99   Thumb Code    18  stm32f4xx_tim.o(.text)
    TIM_SelectCCDMA                          0x08002dab   Thumb Code    24  stm32f4xx_tim.o(.text)
    TIM_InternalClockConfig                  0x08002dc3   Thumb Code    12  stm32f4xx_tim.o(.text)
    TIM_SelectInputTrigger                   0x08002dcf   Thumb Code    18  stm32f4xx_tim.o(.text)
    TIM_ITRxExternalClockConfig              0x08002de1   Thumb Code    24  stm32f4xx_tim.o(.text)
    TIM_TIxExternalClockConfig               0x08002df9   Thumb Code    62  stm32f4xx_tim.o(.text)
    TIM_ETRConfig                            0x08002e37   Thumb Code    28  stm32f4xx_tim.o(.text)
    TIM_ETRClockMode1Config                  0x08002e53   Thumb Code    54  stm32f4xx_tim.o(.text)
    TIM_ETRClockMode2Config                  0x08002e89   Thumb Code    32  stm32f4xx_tim.o(.text)
    TIM_SelectOutputTrigger                  0x08002ea9   Thumb Code    18  stm32f4xx_tim.o(.text)
    TIM_SelectSlaveMode                      0x08002ebb   Thumb Code    18  stm32f4xx_tim.o(.text)
    TIM_SelectMasterSlaveMode                0x08002ecd   Thumb Code    18  stm32f4xx_tim.o(.text)
    TIM_EncoderInterfaceConfig               0x08002edf   Thumb Code    66  stm32f4xx_tim.o(.text)
    TIM_SelectHallSensor                     0x08002f21   Thumb Code    24  stm32f4xx_tim.o(.text)
    TIM_RemapConfig                          0x08002f39   Thumb Code     6  stm32f4xx_tim.o(.text)
    CAN_DeInit                               0x08002f41   Thumb Code    50  stm32f4xx_can.o(.text)
    CAN_Init                                 0x08002f73   Thumb Code   276  stm32f4xx_can.o(.text)
    CAN_FilterInit                           0x08003087   Thumb Code   258  stm32f4xx_can.o(.text)
    CAN_StructInit                           0x08003189   Thumb Code    32  stm32f4xx_can.o(.text)
    CAN_SlaveStartBank                       0x080031a9   Thumb Code    48  stm32f4xx_can.o(.text)
    CAN_DBGFreeze                            0x080031d9   Thumb Code    22  stm32f4xx_can.o(.text)
    CAN_TTComModeCmd                         0x080031ef   Thumb Code   118  stm32f4xx_can.o(.text)
    CAN_Transmit                             0x08003265   Thumb Code   304  stm32f4xx_can.o(.text)
    CAN_TransmitStatus                       0x08003395   Thumb Code   138  stm32f4xx_can.o(.text)
    CAN_CancelTransmit                       0x0800341f   Thumb Code    48  stm32f4xx_can.o(.text)
    CAN_Receive                              0x0800344f   Thumb Code   240  stm32f4xx_can.o(.text)
    CAN_FIFORelease                          0x0800353f   Thumb Code    22  stm32f4xx_can.o(.text)
    CAN_MessagePending                       0x08003555   Thumb Code    30  stm32f4xx_can.o(.text)
    CAN_OperatingModeRequest                 0x08003573   Thumb Code   162  stm32f4xx_can.o(.text)
    CAN_Sleep                                0x08003615   Thumb Code    30  stm32f4xx_can.o(.text)
    CAN_WakeUp                               0x08003633   Thumb Code    48  stm32f4xx_can.o(.text)
    CAN_GetLastErrorCode                     0x08003663   Thumb Code    12  stm32f4xx_can.o(.text)
    CAN_GetReceiveErrorCounter               0x0800366f   Thumb Code    10  stm32f4xx_can.o(.text)
    CAN_GetLSBTransmitErrorCounter           0x08003679   Thumb Code    12  stm32f4xx_can.o(.text)
    CAN_ITConfig                             0x08003685   Thumb Code    18  stm32f4xx_can.o(.text)
    CAN_GetFlagStatus                        0x08003697   Thumb Code   120  stm32f4xx_can.o(.text)
    CAN_ClearFlag                            0x0800370f   Thumb Code    52  stm32f4xx_can.o(.text)
    CAN_GetITStatus                          0x08003755   Thumb Code   310  stm32f4xx_can.o(.text)
    CAN_ClearITPendingBit                    0x0800388b   Thumb Code   162  stm32f4xx_can.o(.text)
    ADC_DeInit                               0x08003931   Thumb Code    22  stm32f4xx_adc.o(.text)
    ADC_Init                                 0x08003947   Thumb Code    74  stm32f4xx_adc.o(.text)
    ADC_StructInit                           0x08003991   Thumb Code    20  stm32f4xx_adc.o(.text)
    ADC_CommonInit                           0x080039a5   Thumb Code    34  stm32f4xx_adc.o(.text)
    ADC_CommonStructInit                     0x080039c7   Thumb Code    12  stm32f4xx_adc.o(.text)
    ADC_Cmd                                  0x080039d3   Thumb Code    22  stm32f4xx_adc.o(.text)
    ADC_AnalogWatchdogCmd                    0x080039e9   Thumb Code    16  stm32f4xx_adc.o(.text)
    ADC_AnalogWatchdogThresholdsConfig       0x080039f9   Thumb Code     6  stm32f4xx_adc.o(.text)
    ADC_AnalogWatchdogSingleChannelConfig    0x080039ff   Thumb Code    16  stm32f4xx_adc.o(.text)
    ADC_TempSensorVrefintCmd                 0x08003a0f   Thumb Code    34  stm32f4xx_adc.o(.text)
    ADC_VBATCmd                              0x08003a31   Thumb Code    34  stm32f4xx_adc.o(.text)
    ADC_RegularChannelConfig                 0x08003a53   Thumb Code   184  stm32f4xx_adc.o(.text)
    ADC_SoftwareStartConv                    0x08003b0b   Thumb Code    10  stm32f4xx_adc.o(.text)
    ADC_GetSoftwareStartConvStatus           0x08003b15   Thumb Code    20  stm32f4xx_adc.o(.text)
    ADC_EOCOnEachRegularChannelCmd           0x08003b29   Thumb Code    22  stm32f4xx_adc.o(.text)
    ADC_ContinuousModeCmd                    0x08003b3f   Thumb Code    22  stm32f4xx_adc.o(.text)
    ADC_DiscModeChannelCountConfig           0x08003b55   Thumb Code    24  stm32f4xx_adc.o(.text)
    ADC_DiscModeCmd                          0x08003b6d   Thumb Code    22  stm32f4xx_adc.o(.text)
    ADC_GetConversionValue                   0x08003b83   Thumb Code     8  stm32f4xx_adc.o(.text)
    ADC_GetMultiModeConversionValue          0x08003b8b   Thumb Code     8  stm32f4xx_adc.o(.text)
    ADC_DMACmd                               0x08003b93   Thumb Code    22  stm32f4xx_adc.o(.text)
    ADC_DMARequestAfterLastTransferCmd       0x08003ba9   Thumb Code    22  stm32f4xx_adc.o(.text)
    ADC_MultiModeDMARequestAfterLastTransferCmd 0x08003bbf   Thumb Code    34  stm32f4xx_adc.o(.text)
    ADC_InjectedChannelConfig                0x08003be1   Thumb Code   130  stm32f4xx_adc.o(.text)
    ADC_InjectedSequencerLengthConfig        0x08003c63   Thumb Code    24  stm32f4xx_adc.o(.text)
    ADC_SetInjectedOffset                    0x08003c7b   Thumb Code    20  stm32f4xx_adc.o(.text)
    ADC_ExternalTrigInjectedConvConfig       0x08003c8f   Thumb Code    16  stm32f4xx_adc.o(.text)
    ADC_ExternalTrigInjectedConvEdgeConfig   0x08003c9f   Thumb Code    16  stm32f4xx_adc.o(.text)
    ADC_SoftwareStartInjectedConv            0x08003caf   Thumb Code    10  stm32f4xx_adc.o(.text)
    ADC_GetSoftwareStartInjectedConvCmdStatus 0x08003cb9   Thumb Code    20  stm32f4xx_adc.o(.text)
    ADC_AutoInjectedConvCmd                  0x08003ccd   Thumb Code    22  stm32f4xx_adc.o(.text)
    ADC_InjectedDiscModeCmd                  0x08003ce3   Thumb Code    22  stm32f4xx_adc.o(.text)
    ADC_GetInjectedConversionValue           0x08003cf9   Thumb Code    28  stm32f4xx_adc.o(.text)
    ADC_ITConfig                             0x08003d15   Thumb Code    56  stm32f4xx_adc.o(.text)
    ADC_GetFlagStatus                        0x08003d4d   Thumb Code    18  stm32f4xx_adc.o(.text)
    ADC_ClearFlag                            0x08003d5f   Thumb Code     6  stm32f4xx_adc.o(.text)
    ADC_GetITStatus                          0x08003d65   Thumb Code    38  stm32f4xx_adc.o(.text)
    ADC_ClearITPendingBit                    0x08003d8b   Thumb Code    10  stm32f4xx_adc.o(.text)
    OS_TaskStatStkChk                        0x08003d95   Thumb Code    54  os_core.o(.text)
    OS_TaskStat                              0x08003dcb   Thumb Code   116  os_core.o(.text)
    OS_TaskIdle                              0x08003e73   Thumb Code    34  os_core.o(.text)
    OS_MemClr                                0x08003ec9   Thumb Code    18  os_core.o(.text)
    OSInit                                   0x08003fe7   Thumb Code    44  os_core.o(.text)
    OSIntEnter                               0x08004013   Thumb Code    28  os_core.o(.text)
    OSIntExit                                0x08004049   Thumb Code   112  os_core.o(.text)
    OSSchedLock                              0x080040b9   Thumb Code    50  os_core.o(.text)
    OS_Sched                                 0x080040eb   Thumb Code    88  os_core.o(.text)
    OSSchedUnlock                            0x08004143   Thumb Code   238  os_core.o(.text)
    OSStart                                  0x08004231   Thumb Code    48  os_core.o(.text)
    OSStatInit                               0x08004261   Thumb Code    62  os_core.o(.text)
    OSTimeTick                               0x0800429f   Thumb Code   210  os_core.o(.text)
    OSVersion                                0x08004371   Thumb Code     6  os_core.o(.text)
    OS_Dummy                                 0x08004377   Thumb Code     2  os_core.o(.text)
    OS_EventTaskRemove                       0x08004379   Thumb Code    42  os_core.o(.text)
    OS_EventTaskRdy                          0x080043a3   Thumb Code   114  os_core.o(.text)
    OS_EventTaskWait                         0x08004415   Thumb Code   112  os_core.o(.text)
    OS_EventWaitListInit                     0x08004485   Thumb Code    28  os_core.o(.text)
    OS_MemCopy                               0x080044a1   Thumb Code    20  os_core.o(.text)
    OS_StrLen                                0x080044b5   Thumb Code    20  os_core.o(.text)
    OS_TCBInit                               0x080044c9   Thumb Code   280  os_core.o(.text)
    OSFlagAccept                             0x08004625   Thumb Code   252  os_flag.o(.text)
    OSFlagCreate                             0x08004721   Thumb Code    86  os_flag.o(.text)
    OS_FlagUnlink                            0x08004777   Thumb Code    36  os_flag.o(.text)
    OSFlagDel                                0x080047ed   Thumb Code   214  os_flag.o(.text)
    OSFlagNameGet                            0x080048c3   Thumb Code    80  os_flag.o(.text)
    OSFlagNameSet                            0x08004913   Thumb Code    66  os_flag.o(.text)
    OSFlagPend                               0x080049ed   Thumb Code   614  os_flag.o(.text)
    OSFlagPendGetFlagsRdy                    0x08004c53   Thumb Code    26  os_flag.o(.text)
    OSFlagPost                               0x08004c6d   Thumb Code   312  os_flag.o(.text)
    OSFlagQuery                              0x08004da5   Thumb Code    48  os_flag.o(.text)
    OS_FlagInit                              0x08004dd5   Thumb Code    78  os_flag.o(.text)
    OSQAccept                                0x08004e31   Thumb Code    88  os_q.o(.text)
    OSQCreate                                0x08004e89   Thumb Code   140  os_q.o(.text)
    OSQDel                                   0x08004f15   Thumb Code   236  os_q.o(.text)
    OSQFlush                                 0x08005001   Thumb Code    36  os_q.o(.text)
    OSQPend                                  0x08005025   Thumb Code   272  os_q.o(.text)
    OSQPendAbort                             0x08005135   Thumb Code   128  os_q.o(.text)
    OSQPost                                  0x080051b5   Thumb Code   114  os_q.o(.text)
    OSQPostFront                             0x08005227   Thumb Code   136  os_q.o(.text)
    OSQPostOpt                               0x080052af   Thumb Code   182  os_q.o(.text)
    OSQQuery                                 0x08005365   Thumb Code    98  os_q.o(.text)
    OS_QInit                                 0x080053c7   Thumb Code    72  os_q.o(.text)
    OSSemAccept                              0x08005419   Thumb Code    42  os_sem.o(.text)
    OSSemCreate                              0x08005443   Thumb Code    68  os_sem.o(.text)
    OSSemDel                                 0x08005487   Thumb Code   200  os_sem.o(.text)
    OSSemPend                                0x0800554f   Thumb Code   222  os_sem.o(.text)
    OSSemPendAbort                           0x0800562d   Thumb Code   128  os_sem.o(.text)
    OSSemPost                                0x080056ad   Thumb Code    88  os_sem.o(.text)
    OSSemQuery                               0x08005705   Thumb Code    76  os_sem.o(.text)
    OSSemSet                                 0x08005751   Thumb Code    66  os_sem.o(.text)
    OSTaskChangePrio                         0x080057a5   Thumb Code   308  os_task.o(.text)
    OSTaskCreate                             0x080058d9   Thumb Code   148  os_task.o(.text)
    OS_TaskStkClr                            0x0800596d   Thumb Code    26  os_task.o(.text)
    OSTaskCreateExt                          0x08005987   Thumb Code   170  os_task.o(.text)
    OSTaskDel                                0x08005a31   Thumb Code   294  os_task.o(.text)
    OSTaskDelReq                             0x08005b57   Thumb Code   144  os_task.o(.text)
    OSTaskNameGet                            0x08005be7   Thumb Code   114  os_task.o(.text)
    OSTaskNameSet                            0x08005c59   Thumb Code    98  os_task.o(.text)
    OSTaskResume                             0x08005cbb   Thumb Code   154  os_task.o(.text)
    OSTaskStkChk                             0x08005d55   Thumb Code   132  os_task.o(.text)
    OSTaskSuspend                            0x08005dd9   Thumb Code   152  os_task.o(.text)
    OSTaskQuery                              0x08005e71   Thumb Code    82  os_task.o(.text)
    OSTaskRegGet                             0x08005ec3   Thumb Code    60  os_task.o(.text)
    OSTaskRegSet                             0x08005eff   Thumb Code    62  os_task.o(.text)
    OS_TaskReturn                            0x08005f3d   Thumb Code    18  os_task.o(.text)
    OSTimeDly                                0x08005f69   Thumb Code   100  os_time.o(.text)
    OSTimeDlyHMSM                            0x08005fcd   Thumb Code    86  os_time.o(.text)
    OSTimeDlyResume                          0x08006023   Thumb Code   168  os_time.o(.text)
    OSTimeGet                                0x080060cb   Thumb Code    24  os_time.o(.text)
    OSTimeSet                                0x080060e3   Thumb Code    24  os_time.o(.text)
    OSInitHookBegin                          0x08006119   Thumb Code     2  os_cpu_c.o(.text)
    OSInitHookEnd                            0x0800611b   Thumb Code     2  os_cpu_c.o(.text)
    OSTaskCreateHook                         0x0800611d   Thumb Code     2  os_cpu_c.o(.text)
    OSTaskDelHook                            0x0800611f   Thumb Code     2  os_cpu_c.o(.text)
    OSTaskIdleHook                           0x08006121   Thumb Code     2  os_cpu_c.o(.text)
    OSTaskStatHook                           0x08006123   Thumb Code     2  os_cpu_c.o(.text)
    OSTaskStkInit                            0x08006125   Thumb Code   426  os_cpu_c.o(.text)
    OSTaskSwHook                             0x080062cf   Thumb Code     2  os_cpu_c.o(.text)
    OSTCBInitHook                            0x080062d1   Thumb Code     2  os_cpu_c.o(.text)
    OSTimeTickHook                           0x080062d3   Thumb Code     2  os_cpu_c.o(.text)
    OSTaskReturnHook                         0x080062d5   Thumb Code     2  os_cpu_c.o(.text)
    OS_CPU_SR_Save                           0x080062dd   Thumb Code     0  os_cpu_a.o(.text)
    OS_CPU_SR_Restore                        0x080062e5   Thumb Code     0  os_cpu_a.o(.text)
    OSStartHighRdy                           0x080062eb   Thumb Code     0  os_cpu_a.o(.text)
    OSCtxSw                                  0x0800630f   Thumb Code     0  os_cpu_a.o(.text)
    OSIntCtxSw                               0x0800631d   Thumb Code     0  os_cpu_a.o(.text)
    PendSV_Handler                           0x0800632d   Thumb Code     0  os_cpu_a.o(.text)
    uart1_init                               0x080063a5   Thumb Code   184  rs485.o(.text)
    USART1_IRQHandler                        0x0800645d   Thumb Code   166  rs485.o(.text)
    TIM3_Int_Init                            0x08006503   Thumb Code    88  rs485.o(.text)
    TIM3_IRQHandler                          0x0800655b   Thumb Code    92  rs485.o(.text)
    crc16                                    0x080065b7   Thumb Code    48  rs485.o(.text)
    RS485Init                                0x080065e7   Thumb Code   100  rs485.o(.text)
    Para_deal                                0x0800664b   Thumb Code   620  rs485.o(.text)
    Frame_deal                               0x080068b7   Thumb Code   216  rs485.o(.text)
    Protocol_RS485                           0x0800698f   Thumb Code   148  rs485.o(.text)
    CAN1_Mode_Init                           0x08006a41   Thumb Code   284  servocan.o(.text)
    ProcessSDOtx                             0x08006b5d   Thumb Code    16  servocan.o(.text)
    DecodeWrite                              0x08006b6d   Thumb Code     2  servocan.o(.text)
    ProcessSDOrx                             0x08006b6f   Thumb Code    42  servocan.o(.text)
    canDispatch                              0x08006b99   Thumb Code   408  servocan.o(.text)
    CAN1_RX0_IRQHandler                      0x08006d31   Thumb Code    50  servocan.o(.text)
    CAN1_TX_IRQHandler                       0x08006d63   Thumb Code    38  servocan.o(.text)
    CAN1_Send_Frame                          0x08006d89   Thumb Code   136  servocan.o(.text)
    NMT_Start                                0x08006e11   Thumb Code    28  servocan.o(.text)
    NMT_Stop                                 0x08006e2d   Thumb Code    28  servocan.o(.text)
    NMT_PreSTA                               0x08006e49   Thumb Code    48  servocan.o(.text)
    NMT_RstNode                              0x08006e79   Thumb Code    28  servocan.o(.text)
    NMT_RstComm                              0x08006e95   Thumb Code    28  servocan.o(.text)
    CMD_SYNC                                 0x08006eb1   Thumb Code    16  servocan.o(.text)
    TX_PDO1                                  0x08006ec1   Thumb Code    46  servocan.o(.text)
    TX_PDO2                                  0x08006eef   Thumb Code   100  servocan.o(.text)
    TX_PDO3                                  0x08006f53   Thumb Code    74  servocan.o(.text)
    TX_PDO4                                  0x08006f9d   Thumb Code    58  servocan.o(.text)
    SetMotorCtrlword                         0x08006fd7   Thumb Code    22  servocan.o(.text)
    StartMotor                               0x08006fed   Thumb Code    30  servocan.o(.text)
    StopMotor                                0x0800700b   Thumb Code    14  servocan.o(.text)
    SetServOn                                0x08007019   Thumb Code    22  servocan.o(.text)
    SetServRdy                               0x0800702f   Thumb Code    22  servocan.o(.text)
    SetServOff                               0x08007045   Thumb Code    22  servocan.o(.text)
    SetMotorAbsPos                           0x0800705b   Thumb Code    32  servocan.o(.text)
    SetMotorRelPos                           0x0800707b   Thumb Code    32  servocan.o(.text)
    SetMotorSpd                              0x0800709b   Thumb Code    22  servocan.o(.text)
    SetMotorCurrentLimit                     0x080070b1   Thumb Code    22  servocan.o(.text)
    RX_PDO1                                  0x080070c7   Thumb Code    20  servocan.o(.text)
    RX_PDO2                                  0x080070db   Thumb Code    20  servocan.o(.text)
    RX_PDO3                                  0x080070ef   Thumb Code    20  servocan.o(.text)
    RX_PDO4                                  0x08007103   Thumb Code    20  servocan.o(.text)
    Rd_NodeGuard                             0x08007117   Thumb Code    20  servocan.o(.text)
    Sdo_WrU8                                 0x0800712b   Thumb Code    72  servocan.o(.text)
    Sdo_WrU16                                0x08007173   Thumb Code    74  servocan.o(.text)
    Sdo_WrU24                                0x080071bd   Thumb Code    76  servocan.o(.text)
    Sdo_WrU32                                0x08007209   Thumb Code    76  servocan.o(.text)
    Sdo_Rd                                   0x08007255   Thumb Code    64  servocan.o(.text)
    CAN1_Receive_Msg                         0x08007295   Thumb Code    70  servocan.o(.text)
    Wait                                     0x080072db   Thumb Code    12  servocan.o(.text)
    CanInit                                  0x080072e7   Thumb Code    38  servocan.o(.text)
    MotorInit                                0x0800730d   Thumb Code   200  servocan.o(.text)
    HandleCan                                0x080073d5   Thumb Code   384  servocan.o(.text)
    MotionInit                               0x08007575   Thumb Code   498  motion.o(.text)
    VarClear                                 0x08007767   Thumb Code   360  motion.o(.text)
    ReadPos                                  0x080078cf   Thumb Code    42  motion.o(.text)
    AutoMovePragram                          0x080078f9   Thumb Code   336  motion.o(.text)
    HandleCmd                                0x08007a49   Thumb Code  2614  motion.o(.text)
    Motion_Shorten_M5M6M7                    0x0800847f   Thumb Code  1438  motion.o(.text)
    Motion_Extend_M5M6M7                     0x08008a1d   Thumb Code  1496  motion.o(.text)
    Motion_Close_M3M4                        0x08008ff5   Thumb Code   836  motion.o(.text)
    Motion_Open_M3M4                         0x08009339   Thumb Code   410  motion.o(.text)
    Motion_Close_M1M2                        0x080094d3   Thumb Code   834  motion.o(.text)
    Motion_Open_M1M2                         0x08009815   Thumb Code   424  motion.o(.text)
    CalcuNextState                           0x080099bd   Thumb Code   112  motion.o(.text)
    Motion_Home_All                          0x08009a2d   Thumb Code  3112  motion.o(.text)
    Motion_Home_M5M6M7                       0x0800a655   Thumb Code   970  motion.o(.text)
    Motion_Home_M3M4                         0x0800aa1f   Thumb Code   680  motion.o(.text)
    Motion_Home_M1M2                         0x0800acc7   Thumb Code   680  motion.o(.text)
    MotionCtrl                               0x0800af6f   Thumb Code  3366  motion.o(.text)
    HandleSysState                           0x0800bc95   Thumb Code  1368  motion.o(.text)
    HandleMotion                             0x0800c1ed   Thumb Code    84  motion.o(.text)
    __use_no_semihosting                     0x0800c251   Thumb Code     2  use_no_semi_2.o(.text)
    __2printf                                0x0800c255   Thumb Code    20  noretval__2printf.o(.text)
    __printf                                 0x0800c26d   Thumb Code   104  __printf.o(.text)
    _printf_int_dec                          0x0800c2d5   Thumb Code   100  _printf_dec.o(.text)
    __use_two_region_memory                  0x0800c349   Thumb Code     2  heapauxi.o(.text)
    __rt_heap_escrow$2region                 0x0800c34b   Thumb Code     2  heapauxi.o(.text)
    __rt_heap_expand$2region                 0x0800c34d   Thumb Code     2  heapauxi.o(.text)
    __I$use$semihosting                      0x0800c34f   Thumb Code     0  use_no_semi.o(.text)
    __use_no_semihosting_swi                 0x0800c34f   Thumb Code     2  use_no_semi.o(.text)
    _printf_int_common                       0x0800c351   Thumb Code   178  _printf_intcommon.o(.text)
    _printf_char_file                        0x0800c405   Thumb Code    32  _printf_char_file.o(.text)
    _printf_char_common                      0x0800c433   Thumb Code    32  _printf_char_common.o(.text)
    ferror                                   0x0800c459   Thumb Code     8  ferror.o(.text)
    __user_setup_stackheap                   0x0800c461   Thumb Code    74  sys_stackheap_outer.o(.text)
    exit                                     0x0800c4ab   Thumb Code    12  exit.o(.text)
    __user_libspace                          0x0800c4b9   Thumb Code     8  libspace.o(.text)
    __user_perproc_libspace                  0x0800c4b9   Thumb Code     0  libspace.o(.text)
    __user_perthread_libspace                0x0800c4b9   Thumb Code     0  libspace.o(.text)
    __aeabi_ddiv                             0x0800c4c1   Thumb Code     0  ddiv.o(x$fpl$ddiv)
    _ddiv                                    0x0800c4c1   Thumb Code   552  ddiv.o(x$fpl$ddiv)
    __aeabi_d2uiz                            0x0800c771   Thumb Code     0  dfixu.o(x$fpl$dfixu)
    _dfixu                                   0x0800c771   Thumb Code    90  dfixu.o(x$fpl$dfixu)
    __aeabi_i2d                              0x0800c7cb   Thumb Code     0  dflt_clz.o(x$fpl$dflt)
    _dflt                                    0x0800c7cb   Thumb Code    46  dflt_clz.o(x$fpl$dflt)
    __aeabi_dmul                             0x0800c7f9   Thumb Code     0  dmul.o(x$fpl$dmul)
    _dmul                                    0x0800c7f9   Thumb Code   332  dmul.o(x$fpl$dmul)
    __fpl_dnaninf                            0x0800c94d   Thumb Code   156  dnaninf.o(x$fpl$dnaninf)
    __fpl_dretinf                            0x0800c9e9   Thumb Code    12  dretinf.o(x$fpl$dretinf)
    _fp_init                                 0x0800c9f5   Thumb Code    10  fpinit.o(x$fpl$fpinit)
    __fplib_config_fpu_vfp                   0x0800c9fd   Thumb Code     0  fpinit.o(x$fpl$fpinit)
    __fplib_config_pureend_doubles           0x0800c9fd   Thumb Code     0  fpinit.o(x$fpl$fpinit)
    __I$use$fp                               0x0800c9fe   Number         0  usenofp.o(x$fpl$usenofp)
    Bit                                      0x0800ca00   Data          32  glb_reg.o(.constdata)
    ptrServ                                  0x0800ca20   Data          32  glb_reg.o(.constdata)
    ptrMotionBlk                             0x0800ca40   Data           4  glb_reg.o(.constdata)
    ptrCfgMotionPar                          0x0800ca44   Data           4  glb_reg.o(.constdata)
    OSUnMapTbl                               0x0800ca48   Data         256  os_core.o(.constdata)
    Region$$Table$$Base                      0x0800cd48   Number         0  anon$$obj.o(Region$$Table)
    Region$$Table$$Limit                     0x0800cd68   Number         0  anon$$obj.o(Region$$Table)
    SystemCoreClock                          0x20000004   Data           4  system_stm32f4xx.o(.data)
    AHBPrescTable                            0x20000008   Data          16  system_stm32f4xx.o(.data)
    SlaveIdAddr                              0x20000018   Data           2  glb_reg.o(.data)
    DebugFlag                                0x2000001a   Data           2  glb_reg.o(.data)
    __stdout                                 0x20000024   Data           4  usart.o(.data)
    USART_RX_STA                             0x20000028   Data           2  usart.o(.data)
    OSCtxSwCtr                               0x2000003c   Data           4  os_core.o(.data)
    OSEventFreeList                          0x20000040   Data           4  os_core.o(.data)
    OSFlagFreeList                           0x20000044   Data           4  os_core.o(.data)
    OSCPUUsage                               0x20000048   Data           1  os_core.o(.data)
    OSIdleCtrMax                             0x2000004c   Data           4  os_core.o(.data)
    OSIdleCtrRun                             0x20000050   Data           4  os_core.o(.data)
    OSStatRdy                                0x20000054   Data           1  os_core.o(.data)
    OSIntNesting                             0x20000055   Data           1  os_core.o(.data)
    OSLockNesting                            0x20000056   Data           1  os_core.o(.data)
    OSPrioCur                                0x20000057   Data           1  os_core.o(.data)
    OSPrioHighRdy                            0x20000058   Data           1  os_core.o(.data)
    OSRdyGrp                                 0x20000059   Data           1  os_core.o(.data)
    OSRdyTbl                                 0x2000005a   Data           8  os_core.o(.data)
    OSRunning                                0x20000062   Data           1  os_core.o(.data)
    OSTaskCtr                                0x20000063   Data           1  os_core.o(.data)
    OSIdleCtr                                0x20000064   Data           4  os_core.o(.data)
    OSTCBCur                                 0x20000068   Data           4  os_core.o(.data)
    OSTCBFreeList                            0x2000006c   Data           4  os_core.o(.data)
    OSTCBHighRdy                             0x20000070   Data           4  os_core.o(.data)
    OSTCBList                                0x20000074   Data           4  os_core.o(.data)
    OSTickStepState                          0x20000078   Data           1  os_core.o(.data)
    OSQFreeList                              0x2000007c   Data           4  os_core.o(.data)
    OSTime                                   0x20000080   Data           4  os_core.o(.data)
    sem_rs485_rx                             0x20000084   Data           4  rs485.o(.data)
    sem_rs485_tx                             0x20000088   Data           4  rs485.o(.data)
    modbus_busy_flag                         0x2000008c   Data           1  rs485.o(.data)
    sem_SrvCAN_rx                            0x20000090   Data           4  servocan.o(.data)
    sem_SrvCAN_tx                            0x20000094   Data           4  servocan.o(.data)
    START_TASK_STK                           0x200000bc   Data         256  main.o(.bss)
    LED_TASK_STK                             0x200001bc   Data         256  main.o(.bss)
    PcCom_TASK_STK                           0x200002bc   Data        1024  main.o(.bss)
    TaskPlan_TASK_STK                        0x200006bc   Data        1024  main.o(.bss)
    MotionCtrl_TASK_STK                      0x20000abc   Data        1024  main.o(.bss)
    ServoCom_TASK_STK                        0x20000ebc   Data        1024  main.o(.bss)
    RdSensor_TASK_STK                        0x200012bc   Data        1024  main.o(.bss)
    KEY_TASK_STK                             0x200016bc   Data        1024  main.o(.bss)
    dGlbReg                                  0x20001abc   Data        8192  glb_reg.o(.bss)
    USART_RX_BUF                             0x20003abc   Data         200  usart.o(.bss)
    OSEventTbl                               0x20003b84   Data         200  os_core.o(.bss)
    OSFlagTbl                                0x20003c4c   Data          80  os_core.o(.bss)
    OSTaskStatStk                            0x20003c9c   Data         512  os_core.o(.bss)
    OSTaskIdleStk                            0x20003e9c   Data         512  os_core.o(.bss)
    OSTCBPrioTbl                             0x2000409c   Data         256  os_core.o(.bss)
    OSTCBTbl                                 0x2000419c   Data        1008  os_core.o(.bss)
    OSQTbl                                   0x2000458c   Data         120  os_core.o(.bss)
    uart2rx                                  0x20004604   Data         526  rs485.o(.bss)
    __libspace_start                         0x20004814   Data          96  libspace.o(.bss)
    __temporary_stack_top$libspace           0x20004874   Data           0  libspace.o(.bss)



==============================================================================

Memory Map of the image

  Image Entry point : 0x08000189

  Load Region LR_IROM1 (Base: 0x08000000, Size: 0x0000ce24, Max: 0x00100000, ABSOLUTE)

    Execution Region ER_IROM1 (Base: 0x08000000, Size: 0x0000cd68, Max: 0x00100000, ABSOLUTE)

    Base Addr    Size         Type   Attr      Idx    E Section Name        Object

    0x08000000   0x00000188   Data   RO          514    RESET               startup_stm32f40_41xxx.o
    0x08000188   0x00000008   Code   RO         1028  * !!!main             c_w.l(__main.o)
    0x08000190   0x00000034   Code   RO         1214    !!!scatter          c_w.l(__scatter.o)
    0x080001c4   0x0000001a   Code   RO         1216    !!handler_copy      c_w.l(__scatter_copy.o)
    0x080001de   0x00000002   PAD
    0x080001e0   0x0000001c   Code   RO         1218    !!handler_zi        c_w.l(__scatter_zi.o)
    0x080001fc   0x00000000   Code   RO         1025    .ARM.Collect$$_printf_percent$$00000000  c_w.l(_printf_percent.o)
    0x080001fc   0x00000006   Code   RO         1024    .ARM.Collect$$_printf_percent$$00000009  c_w.l(_printf_d.o)
    0x08000202   0x00000004   Code   RO         1053    .ARM.Collect$$_printf_percent$$00000017  c_w.l(_printf_percent_end.o)
    0x08000206   0x00000002   Code   RO         1091    .ARM.Collect$$libinit$$00000000  c_w.l(libinit.o)
    0x08000208   0x00000004   Code   RO         1097    .ARM.Collect$$libinit$$00000001  c_w.l(libinit2.o)
    0x0800020c   0x00000000   Code   RO         1101    .ARM.Collect$$libinit$$00000008  c_w.l(libinit2.o)
    0x0800020c   0x00000000   Code   RO         1103    .ARM.Collect$$libinit$$0000000A  c_w.l(libinit2.o)
    0x0800020c   0x00000000   Code   RO         1105    .ARM.Collect$$libinit$$0000000C  c_w.l(libinit2.o)
    0x0800020c   0x00000000   Code   RO         1108    .ARM.Collect$$libinit$$0000000F  c_w.l(libinit2.o)
    0x0800020c   0x00000000   Code   RO         1110    .ARM.Collect$$libinit$$00000011  c_w.l(libinit2.o)
    0x0800020c   0x00000000   Code   RO         1112    .ARM.Collect$$libinit$$00000013  c_w.l(libinit2.o)
    0x0800020c   0x00000000   Code   RO         1114    .ARM.Collect$$libinit$$00000015  c_w.l(libinit2.o)
    0x0800020c   0x00000000   Code   RO         1116    .ARM.Collect$$libinit$$00000017  c_w.l(libinit2.o)
    0x0800020c   0x00000000   Code   RO         1118    .ARM.Collect$$libinit$$00000019  c_w.l(libinit2.o)
    0x0800020c   0x00000000   Code   RO         1120    .ARM.Collect$$libinit$$0000001B  c_w.l(libinit2.o)
    0x0800020c   0x00000000   Code   RO         1122    .ARM.Collect$$libinit$$0000001D  c_w.l(libinit2.o)
    0x0800020c   0x00000000   Code   RO         1124    .ARM.Collect$$libinit$$0000001F  c_w.l(libinit2.o)
    0x0800020c   0x00000000   Code   RO         1126    .ARM.Collect$$libinit$$00000021  c_w.l(libinit2.o)
    0x0800020c   0x00000000   Code   RO         1128    .ARM.Collect$$libinit$$00000023  c_w.l(libinit2.o)
    0x0800020c   0x00000000   Code   RO         1132    .ARM.Collect$$libinit$$0000002A  c_w.l(libinit2.o)
    0x0800020c   0x00000000   Code   RO         1134    .ARM.Collect$$libinit$$0000002C  c_w.l(libinit2.o)
    0x0800020c   0x00000000   Code   RO         1136    .ARM.Collect$$libinit$$0000002E  c_w.l(libinit2.o)
    0x0800020c   0x00000000   Code   RO         1138    .ARM.Collect$$libinit$$00000030  c_w.l(libinit2.o)
    0x0800020c   0x00000002   Code   RO         1139    .ARM.Collect$$libinit$$00000031  c_w.l(libinit2.o)
    0x0800020e   0x00000002   Code   RO         1157    .ARM.Collect$$libshutdown$$00000000  c_w.l(libshutdown.o)
    0x08000210   0x00000000   Code   RO         1168    .ARM.Collect$$libshutdown$$00000003  c_w.l(libshutdown2.o)
    0x08000210   0x00000000   Code   RO         1171    .ARM.Collect$$libshutdown$$00000006  c_w.l(libshutdown2.o)
    0x08000210   0x00000000   Code   RO         1174    .ARM.Collect$$libshutdown$$00000009  c_w.l(libshutdown2.o)
    0x08000210   0x00000000   Code   RO         1176    .ARM.Collect$$libshutdown$$0000000B  c_w.l(libshutdown2.o)
    0x08000210   0x00000000   Code   RO         1179    .ARM.Collect$$libshutdown$$0000000E  c_w.l(libshutdown2.o)
    0x08000210   0x00000002   Code   RO         1180    .ARM.Collect$$libshutdown$$0000000F  c_w.l(libshutdown2.o)
    0x08000212   0x00000000   Code   RO         1048    .ARM.Collect$$rtentry$$00000000  c_w.l(rtentry.o)
    0x08000212   0x00000000   Code   RO         1060    .ARM.Collect$$rtentry$$00000002  c_w.l(rtentry2.o)
    0x08000212   0x00000006   Code   RO         1072    .ARM.Collect$$rtentry$$00000004  c_w.l(rtentry4.o)
    0x08000218   0x00000000   Code   RO         1062    .ARM.Collect$$rtentry$$00000009  c_w.l(rtentry2.o)
    0x08000218   0x00000004   Code   RO         1063    .ARM.Collect$$rtentry$$0000000A  c_w.l(rtentry2.o)
    0x0800021c   0x00000000   Code   RO         1065    .ARM.Collect$$rtentry$$0000000C  c_w.l(rtentry2.o)
    0x0800021c   0x00000008   Code   RO         1066    .ARM.Collect$$rtentry$$0000000D  c_w.l(rtentry2.o)
    0x08000224   0x00000002   Code   RO         1095    .ARM.Collect$$rtexit$$00000000  c_w.l(rtexit.o)
    0x08000226   0x00000000   Code   RO         1141    .ARM.Collect$$rtexit$$00000002  c_w.l(rtexit2.o)
    0x08000226   0x00000004   Code   RO         1142    .ARM.Collect$$rtexit$$00000003  c_w.l(rtexit2.o)
    0x0800022a   0x00000006   Code   RO         1143    .ARM.Collect$$rtexit$$00000004  c_w.l(rtexit2.o)
    0x08000230   0x0000032c   Code   RO            3    .text               main.o
    0x0800055c   0x00000016   Code   RO          212    .text               stm32f4xx_it.o
    0x08000572   0x00000002   PAD
    0x08000574   0x00000210   Code   RO          261    .text               system_stm32f4xx.o
    0x08000784   0x0000015c   Code   RO          287    .text               glb_reg.o
    0x080008e0   0x000002ac   Code   RO          318    .text               led.o
    0x08000b8c   0x00000040   Code   RO          342    .text               beep.o
    0x08000bcc   0x00000104   Code   RO          362    .text               key.o
    0x08000cd0   0x000000dc   Code   RO          383    .text               adc.o
    0x08000dac   0x00000172   Code   RO          403    .text               24cxx.o
    0x08000f1e   0x00000002   PAD
    0x08000f20   0x00000288   Code   RO          423    .text               myiic.o
    0x080011a8   0x0000013c   Code   RO          443    .text               delay.o
    0x080012e4   0x00000154   Code   RO          483    .text               usart.o
    0x08001438   0x00000040   Code   RO          515    .text               startup_stm32f40_41xxx.o
    0x08001478   0x000000e0   Code   RO          521    .text               misc.o
    0x08001558   0x00000294   Code   RO          541    .text               stm32f4xx_gpio.o
    0x080017ec   0x0000065c   Code   RO          561    .text               stm32f4xx_rcc.o
    0x08001e48   0x00000454   Code   RO          603    .text               stm32f4xx_usart.o
    0x0800229c   0x00000ca2   Code   RO          623    .text               stm32f4xx_tim.o
    0x08002f3e   0x00000002   PAD
    0x08002f40   0x000009f0   Code   RO          643    .text               stm32f4xx_can.o
    0x08003930   0x00000464   Code   RO          663    .text               stm32f4xx_adc.o
    0x08003d94   0x00000890   Code   RO          683    .text               os_core.o
    0x08004624   0x0000080c   Code   RO          711    .text               os_flag.o
    0x08004e30   0x000005e8   Code   RO          785    .text               os_q.o
    0x08005418   0x0000038c   Code   RO          805    .text               os_sem.o
    0x080057a4   0x000007c4   Code   RO          825    .text               os_task.o
    0x08005f68   0x000001b0   Code   RO          845    .text               os_time.o
    0x08006118   0x000001c4   Code   RO          879    .text               os_cpu_c.o
    0x080062dc   0x000000c8   Code   RO          907    .text               os_cpu_a.o
    0x080063a4   0x0000069c   Code   RO          912    .text               rs485.o
    0x08006a40   0x00000b34   Code   RO          943    .text               servocan.o
    0x08007574   0x00004cdc   Code   RO          973    .text               motion.o
    0x0800c250   0x00000002   Code   RO          994    .text               c_w.l(use_no_semi_2.o)
    0x0800c252   0x00000002   PAD
    0x0800c254   0x00000018   Code   RO          998    .text               c_w.l(noretval__2printf.o)
    0x0800c26c   0x00000068   Code   RO         1000    .text               c_w.l(__printf.o)
    0x0800c2d4   0x00000074   Code   RO         1002    .text               c_w.l(_printf_dec.o)
    0x0800c348   0x00000006   Code   RO         1026    .text               c_w.l(heapauxi.o)
    0x0800c34e   0x00000002   Code   RO         1046    .text               c_w.l(use_no_semi.o)
    0x0800c350   0x000000b2   Code   RO         1049    .text               c_w.l(_printf_intcommon.o)
    0x0800c402   0x00000002   PAD
    0x0800c404   0x00000024   Code   RO         1051    .text               c_w.l(_printf_char_file.o)
    0x0800c428   0x00000030   Code   RO         1074    .text               c_w.l(_printf_char_common.o)
    0x0800c458   0x00000008   Code   RO         1076    .text               c_w.l(ferror.o)
    0x0800c460   0x0000004a   Code   RO         1080    .text               c_w.l(sys_stackheap_outer.o)
    0x0800c4aa   0x0000000c   Code   RO         1084    .text               c_w.l(exit.o)
    0x0800c4b6   0x00000002   PAD
    0x0800c4b8   0x00000008   Code   RO         1092    .text               c_w.l(libspace.o)
    0x0800c4c0   0x000002b0   Code   RO         1031    x$fpl$ddiv          fz_wm.l(ddiv.o)
    0x0800c770   0x0000005a   Code   RO         1034    x$fpl$dfixu         fz_wm.l(dfixu.o)
    0x0800c7ca   0x0000002e   Code   RO         1039    x$fpl$dflt          fz_wm.l(dflt_clz.o)
    0x0800c7f8   0x00000154   Code   RO         1044    x$fpl$dmul          fz_wm.l(dmul.o)
    0x0800c94c   0x0000009c   Code   RO         1054    x$fpl$dnaninf       fz_wm.l(dnaninf.o)
    0x0800c9e8   0x0000000c   Code   RO         1056    x$fpl$dretinf       fz_wm.l(dretinf.o)
    0x0800c9f4   0x0000000a   Code   RO         1149    x$fpl$fpinit        fz_wm.l(fpinit.o)
    0x0800c9fe   0x00000000   Code   RO         1058    x$fpl$usenofp       fz_wm.l(usenofp.o)
    0x0800c9fe   0x00000002   PAD
    0x0800ca00   0x00000048   Data   RO          289    .constdata          glb_reg.o
    0x0800ca48   0x00000100   Data   RO          685    .constdata          os_core.o
    0x0800cb48   0x00000200   Data   RO          914    .constdata          rs485.o
    0x0800cd48   0x00000020   Data   RO         1212    Region$$Table       anon$$obj.o


    Execution Region RW_IRAM1 (Base: 0x20000000, Size: 0x00004e78, Max: 0x00020000, ABSOLUTE)

    Base Addr    Size         Type   Attr      Idx    E Section Name        Object

    0x20000000   0x00000004   Data   RW            5    .data               main.o
    0x20000004   0x00000014   Data   RW          262    .data               system_stm32f4xx.o
    0x20000018   0x00000004   Data   RW          290    .data               glb_reg.o
    0x2000001c   0x00000001   Data   RW          363    .data               key.o
    0x2000001d   0x00000001   PAD
    0x2000001e   0x00000004   Data   RW          444    .data               delay.o
    0x20000022   0x00000002   PAD
    0x20000024   0x00000006   Data   RW          485    .data               usart.o
    0x2000002a   0x00000010   Data   RW          562    .data               stm32f4xx_rcc.o
    0x2000003a   0x00000002   PAD
    0x2000003c   0x00000048   Data   RW          686    .data               os_core.o
    0x20000084   0x00000009   Data   RW          915    .data               rs485.o
    0x2000008d   0x00000003   PAD
    0x20000090   0x00000008   Data   RW          944    .data               servocan.o
    0x20000098   0x00000024   Data   RW          974    .data               motion.o
    0x200000bc   0x00001a00   Zero   RW            4    .bss                main.o
    0x20001abc   0x00002000   Zero   RW          288    .bss                glb_reg.o
    0x20003abc   0x000000c8   Zero   RW          484    .bss                usart.o
    0x20003b84   0x00000a80   Zero   RW          684    .bss                os_core.o
    0x20004604   0x0000020e   Zero   RW          913    .bss                rs485.o
    0x20004812   0x00000002   PAD
    0x20004814   0x00000060   Zero   RW         1093    .bss                c_w.l(libspace.o)
    0x20004874   0x00000004   PAD
    0x20004878   0x00000200   Zero   RW          513    HEAP                startup_stm32f40_41xxx.o
    0x20004a78   0x00000400   Zero   RW          512    STACK               startup_stm32f40_41xxx.o


==============================================================================

Image component sizes


      Code (inc. data)   RO Data    RW Data    ZI Data      Debug   Object Name

       370          0          0          0          0       2626   24cxx.o
       220          8          0          0          0       1115   adc.o
        64          4          0          0          0        508   beep.o
       316         20          0          4          0       1765   delay.o
       348         26         72          4       8192       4036   glb_reg.o
       260         12          0          1          0        844   key.o
       684         44          0          0          0       1264   led.o
       812        126          0          4       6656     315302   main.o
       224         20          0          0          0       1777   misc.o
     19676        514          0         36          0      12300   motion.o
       648         14          0          0          0       1908   myiic.o
      2192        218        256         72       2688      15019   os_core.o
       200         32          0          0          0        304   os_cpu_a.o
       452          6          0          0          0      10534   os_cpu_c.o
      2060         42          0          0          0       6856   os_flag.o
      1512         30          0          0          0       5485   os_q.o
       908         18          0          0          0       3830   os_sem.o
      1988         70          0          0          0       7521   os_task.o
       432         30          0          0          0       1782   os_time.o
      1692         88        512          9        526       4862   rs485.o
      2868         86          0          8          0      11745   servocan.o
        64         26        392          0       1536        816   startup_stm32f40_41xxx.o
      1124         24          0          0          0      10450   stm32f4xx_adc.o
      2544         38          0          0          0       7928   stm32f4xx_can.o
       660         44          0          0          0       4053   stm32f4xx_gpio.o
        22          0          0          0          0     228483   stm32f4xx_it.o
      1628         52          0         16          0      12820   stm32f4xx_rcc.o
      3234         60          0          0          0      22256   stm32f4xx_tim.o
      1108         34          0          0          0       7752   stm32f4xx_usart.o
       528         46          0         20          0       1715   system_stm32f4xx.o
       340         18          0          6        200       3242   usart.o

    ----------------------------------------------------------------------
     49184       1750       1264        188      19800     710898   Object Totals
         0          0         32          0          0          0   (incl. Generated)
         6          0          0          8          2          0   (incl. Padding)

    ----------------------------------------------------------------------

      Code (inc. data)   RO Data    RW Data    ZI Data      Debug   Library Member Name

         8          0          0          0          0         68   __main.o
       104          0          0          0          0         84   __printf.o
        52          8          0          0          0          0   __scatter.o
        26          0          0          0          0          0   __scatter_copy.o
        28          0          0          0          0          0   __scatter_zi.o
        48          6          0          0          0         96   _printf_char_common.o
        36          4          0          0          0         80   _printf_char_file.o
         6          0          0          0          0          0   _printf_d.o
       116         16          0          0          0         92   _printf_dec.o
       178          0          0          0          0         88   _printf_intcommon.o
         0          0          0          0          0          0   _printf_percent.o
         4          0          0          0          0          0   _printf_percent_end.o
        12          0          0          0          0         72   exit.o
         8          0          0          0          0         68   ferror.o
         6          0          0          0          0        152   heapauxi.o
         2          0          0          0          0          0   libinit.o
         6          0          0          0          0          0   libinit2.o
         2          0          0          0          0          0   libshutdown.o
         2          0          0          0          0          0   libshutdown2.o
         8          4          0          0         96         68   libspace.o
        24          4          0          0          0         84   noretval__2printf.o
         0          0          0          0          0          0   rtentry.o
        12          0          0          0          0          0   rtentry2.o
         6          0          0          0          0          0   rtentry4.o
         2          0          0          0          0          0   rtexit.o
        10          0          0          0          0          0   rtexit2.o
        74          0          0          0          0         80   sys_stackheap_outer.o
         2          0          0          0          0         68   use_no_semi.o
         2          0          0          0          0         68   use_no_semi_2.o
       688        140          0          0          0        256   ddiv.o
        90          4          0          0          0        140   dfixu.o
        46          0          0          0          0        116   dflt_clz.o
       340         12          0          0          0        152   dmul.o
       156          4          0          0          0        140   dnaninf.o
        12          0          0          0          0        116   dretinf.o
        10          0          0          0          0        116   fpinit.o
         0          0          0          0          0          0   usenofp.o

    ----------------------------------------------------------------------
      2136        202          0          0        100       2204   Library Totals
        10          0          0          0          4          0   (incl. Padding)

    ----------------------------------------------------------------------

      Code (inc. data)   RO Data    RW Data    ZI Data      Debug   Library Name

       784         42          0          0         96       1168   c_w.l
      1342        160          0          0          0       1036   fz_wm.l

    ----------------------------------------------------------------------
      2136        202          0          0        100       2204   Library Totals

    ----------------------------------------------------------------------

==============================================================================


      Code (inc. data)   RO Data    RW Data    ZI Data      Debug   

     51320       1952       1264        188      19900     705882   Grand Totals
     51320       1952       1264        188      19900     705882   ELF Image Totals
     51320       1952       1264        188          0          0   ROM Totals

==============================================================================

    Total RO  Size (Code + RO Data)                52584 (  51.35kB)
    Total RW  Size (RW Data + ZI Data)             20088 (  19.62kB)
    Total ROM Size (Code + RO Data + RW Data)      52772 (  51.54kB)

==============================================================================

